[2026-08-04 17:32:27] [INFO] Logger started
[2026-08-04 17:32:27] [WARNING] This is a warning
[2026-08-04 17:32:27] [ERROR] This is an error
[2026-08-04 17:32:27] [DEBUG] Debug message
[2026-08-04 17:33:21] [INFO] KenOS starting...
[2026-08-04 17:33:21] [INFO] Startup diagnostics completed.
[2026-08-04 17:33:21] [INFO] Loaded plugin: about
[2026-08-04 17:33:21] [INFO] Loaded plugin: apps
[2026-08-04 17:33:21] [INFO] Loaded plugin: battery
[2026-08-04 17:33:21] [INFO] Loaded plugin: calc
[2026-08-04 17:33:21] [INFO] Loaded plugin: capabilities
[2026-08-04 17:33:21] [INFO] Loaded plugin: clipboard
[2026-08-04 17:33:21] [INFO] Loaded plugin: config
[2026-08-04 17:33:21] [INFO] Loaded plugin: control
[2026-08-04 17:33:21] [INFO] Loaded plugin: dashboard
[2026-08-04 17:33:21] [INFO] Loaded plugin: date
[2026-08-04 17:33:21] [INFO] Loaded plugin: device
[2026-08-04 17:33:21] [INFO] Loaded plugin: doctor
[2026-08-04 17:33:21] [INFO] Loaded plugin: health
[2026-08-04 17:33:21] [INFO] Loaded plugin: help
[2026-08-04 17:33:21] [INFO] Loaded plugin: history
[2026-08-04 17:33:21] [INFO] Loaded plugin: home
[2026-08-04 17:33:21] [INFO] Loaded plugin: jarvis
[2026-08-04 17:33:21] [INFO] Loaded plugin: listen
[2026-08-04 17:33:21] [INFO] Loaded plugin: location
[2026-08-04 17:33:21] [INFO] Loaded plugin: logs
[2026-08-04 17:33:21] [INFO] Loaded plugin: mission
[2026-08-04 17:33:21] [INFO] Loaded plugin: music
[2026-08-04 17:33:21] [INFO] Loaded plugin: notes
[2026-08-04 17:33:21] [INFO] Loaded plugin: notify
[2026-08-04 17:33:21] [INFO] Loaded plugin: open
[2026-08-04 17:33:21] [INFO] Loaded plugin: photo
[2026-08-04 17:33:21] [INFO] Loaded plugin: plugins
[2026-08-04 17:33:21] [INFO] Loaded plugin: recall
[2026-08-04 17:33:21] [INFO] Loaded plugin: remember
[2026-08-04 17:33:21] [INFO] Loaded plugin: restart
[2026-08-04 17:33:21] [INFO] Loaded plugin: schedule
[2026-08-04 17:33:21] [INFO] Loaded plugin: sensors
[2026-08-04 17:33:21] [INFO] Loaded plugin: service
[2026-08-04 17:33:21] [INFO] Loaded plugin: settings
[2026-08-04 17:33:21] [INFO] Loaded plugin: share
[2026-08-04 17:33:21] [INFO] Loaded plugin: speak
[2026-08-04 17:33:21] [INFO] Loaded plugin: status
[2026-08-04 17:33:21] [INFO] Loaded plugin: sysinfo
[2026-08-04 17:33:21] [INFO] Loaded plugin: system
[2026-08-04 17:33:21] [INFO] Loaded plugin: tasks
[2026-08-04 17:33:21] [INFO] Loaded plugin: time
[2026-08-04 17:33:21] [INFO] Loaded plugin: torch
[2026-08-04 17:33:21] [INFO] Loaded plugin: update
[2026-08-04 17:33:21] [INFO] Loaded plugin: upgrade
[2026-08-04 17:33:21] [INFO] Loaded plugin: version
[2026-08-04 17:33:21] [INFO] Loaded plugin: vibrate
[2026-08-04 17:33:21] [INFO] Loaded plugin: volume
[2026-08-04 17:33:21] [INFO] Loaded plugin: wifi
[2026-08-04 17:33:21] [INFO] Plugins loaded successfully.
[2026-08-04 17:33:21] [INFO] Scheduler registered.
[2026-08-04 17:33:21] [INFO] Notification service registered.
[2026-08-04 17:33:21] [INFO] Scheduler started.
[2026-08-04 17:33:21] [INFO] Notification service started.
[2026-08-04 17:33:21] [INFO] Startup complete.
[2026-08-04 17:34:20] [INFO] KenOS shutting down...
[2026-08-04 17:36:31] [INFO] KenOS starting...
[2026-08-04 17:36:31] [INFO] Startup diagnostics completed.
[2026-08-04 17:36:31] [INFO] Loaded plugin: about
[2026-08-04 17:36:31] [INFO] Loaded plugin: apps
[2026-08-04 17:36:31] [INFO] Loaded plugin: battery
[2026-08-04 17:36:31] [INFO] Loaded plugin: calc
[2026-08-04 17:36:31] [INFO] Loaded plugin: capabilities
[2026-08-04 17:36:31] [INFO] Loaded plugin: clipboard
[2026-08-04 17:36:31] [INFO] Loaded plugin: config
[2026-08-04 17:36:31] [INFO] Loaded plugin: control
[2026-08-04 17:36:31] [INFO] Loaded plugin: dashboard
[2026-08-04 17:36:31] [INFO] Loaded plugin: date
[2026-08-04 17:36:31] [INFO] Loaded plugin: device
[2026-08-04 17:36:31] [INFO] Loaded plugin: doctor
[2026-08-04 17:36:31] [INFO] Loaded plugin: health
[2026-08-04 17:36:31] [INFO] Loaded plugin: help
[2026-08-04 17:36:31] [INFO] Loaded plugin: history
[2026-08-04 17:36:31] [INFO] Loaded plugin: home
[2026-08-04 17:36:31] [INFO] Loaded plugin: jarvis
[2026-08-04 17:36:31] [INFO] Loaded plugin: listen
[2026-08-04 17:36:31] [INFO] Loaded plugin: location
[2026-08-04 17:36:31] [INFO] Loaded plugin: logs
[2026-08-04 17:36:31] [INFO] Loaded plugin: mission
[2026-08-04 17:36:31] [INFO] Loaded plugin: music
[2026-08-04 17:36:31] [INFO] Loaded plugin: notes
[2026-08-04 17:36:31] [INFO] Loaded plugin: notify
[2026-08-04 17:36:31] [INFO] Loaded plugin: open
[2026-08-04 17:36:31] [INFO] Loaded plugin: photo
[2026-08-04 17:36:31] [INFO] Loaded plugin: plugins
[2026-08-04 17:36:31] [INFO] Loaded plugin: recall
[2026-08-04 17:36:31] [INFO] Loaded plugin: remember
[2026-08-04 17:36:31] [INFO] Loaded plugin: restart
[2026-08-04 17:36:31] [INFO] Loaded plugin: schedule
[2026-08-04 17:36:31] [INFO] Loaded plugin: sensors
[2026-08-04 17:36:31] [INFO] Loaded plugin: service
[2026-08-04 17:36:31] [INFO] Loaded plugin: settings
[2026-08-04 17:36:31] [INFO] Loaded plugin: share
[2026-08-04 17:36:31] [INFO] Loaded plugin: speak
[2026-08-04 17:36:31] [INFO] Loaded plugin: status
[2026-08-04 17:36:31] [INFO] Loaded plugin: sysinfo
[2026-08-04 17:36:31] [INFO] Loaded plugin: system
[2026-08-04 17:36:31] [INFO] Loaded plugin: tasks
[2026-08-04 17:36:31] [INFO] Loaded plugin: time
[2026-08-04 17:36:31] [INFO] Loaded plugin: torch
[2026-08-04 17:36:31] [INFO] Loaded plugin: update
[2026-08-04 17:36:31] [INFO] Loaded plugin: upgrade
[2026-08-04 17:36:31] [INFO] Loaded plugin: version
[2026-08-04 17:36:31] [INFO] Loaded plugin: vibrate
[2026-08-04 17:36:31] [INFO] Loaded plugin: volume
[2026-08-04 17:36:31] [INFO] Loaded plugin: wifi
[2026-08-04 17:36:31] [INFO] Plugins loaded successfully.
[2026-08-04 17:36:31] [INFO] Scheduler registered.
[2026-08-04 17:36:31] [INFO] Notification service registered.
[2026-08-04 17:36:31] [INFO] Scheduler started.
[2026-08-04 17:36:31] [INFO] Notification service started.
[2026-08-04 17:36:31] [INFO] Startup complete.
[2026-08-04 17:37:35] [INFO] KenOS shutting down.
[2026-08-04 17:38:41] [INFO] KenOS starting...
[2026-08-04 17:38:41] [INFO] Startup diagnostics completed.
[2026-08-04 17:38:41] [INFO] Loaded plugin: about
[2026-08-04 17:38:41] [INFO] Loaded plugin: apps
[2026-08-04 17:38:41] [INFO] Loaded plugin: battery
[2026-08-04 17:38:41] [INFO] Loaded plugin: calc
[2026-08-04 17:38:41] [INFO] Loaded plugin: capabilities
[2026-08-04 17:38:41] [INFO] Loaded plugin: clipboard
[2026-08-04 17:38:41] [INFO] Loaded plugin: config
[2026-08-04 17:38:41] [INFO] Loaded plugin: control
[2026-08-04 17:38:41] [INFO] Loaded plugin: dashboard
[2026-08-04 17:38:41] [INFO] Loaded plugin: date
[2026-08-04 17:38:41] [INFO] Loaded plugin: device
[2026-08-04 17:38:41] [INFO] Loaded plugin: doctor
[2026-08-04 17:38:41] [INFO] Loaded plugin: health
[2026-08-04 17:38:41] [INFO] Loaded plugin: help
[2026-08-04 17:38:41] [INFO] Loaded plugin: history
[2026-08-04 17:38:41] [INFO] Loaded plugin: home
[2026-08-04 17:38:41] [INFO] Loaded plugin: jarvis
[2026-08-04 17:38:41] [INFO] Loaded plugin: listen
[2026-08-04 17:38:41] [INFO] Loaded plugin: location
[2026-08-04 17:38:41] [INFO] Loaded plugin: logs
[2026-08-04 17:38:41] [INFO] Loaded plugin: mission
[2026-08-04 17:38:41] [INFO] Loaded plugin: music
[2026-08-04 17:38:41] [INFO] Loaded plugin: notes
[2026-08-04 17:38:41] [INFO] Loaded plugin: notify
[2026-08-04 17:38:41] [INFO] Loaded plugin: open
[2026-08-04 17:38:41] [INFO] Loaded plugin: photo
[2026-08-04 17:38:41] [INFO] Loaded plugin: plugins
[2026-08-04 17:38:41] [INFO] Loaded plugin: recall
[2026-08-04 17:38:41] [INFO] Loaded plugin: reload
[2026-08-04 17:38:41] [INFO] Loaded plugin: remember
[2026-08-04 17:38:41] [INFO] Loaded plugin: restart
[2026-08-04 17:38:41] [INFO] Loaded plugin: schedule
[2026-08-04 17:38:41] [INFO] Loaded plugin: sensors
[2026-08-04 17:38:41] [INFO] Loaded plugin: service
[2026-08-04 17:38:41] [INFO] Loaded plugin: settings
[2026-08-04 17:38:41] [INFO] Loaded plugin: share
[2026-08-04 17:38:41] [INFO] Loaded plugin: speak
[2026-08-04 17:38:41] [INFO] Loaded plugin: status
[2026-08-04 17:38:41] [INFO] Loaded plugin: sysinfo
[2026-08-04 17:38:41] [INFO] Loaded plugin: system
[2026-08-04 17:38:41] [INFO] Loaded plugin: tasks
[2026-08-04 17:38:41] [INFO] Loaded plugin: time
[2026-08-04 17:38:41] [INFO] Loaded plugin: torch
[2026-08-04 17:38:41] [INFO] Loaded plugin: update
[2026-08-04 17:38:41] [INFO] Loaded plugin: upgrade
[2026-08-04 17:38:41] [INFO] Loaded plugin: version
[2026-08-04 17:38:41] [INFO] Loaded plugin: vibrate
[2026-08-04 17:38:41] [INFO] Loaded plugin: volume
[2026-08-04 17:38:41] [INFO] Loaded plugin: wifi
[2026-08-04 17:38:41] [INFO] Plugins loaded successfully.
[2026-08-04 17:38:41] [INFO] Scheduler registered.
[2026-08-04 17:38:41] [INFO] Notification service registered.
[2026-08-04 17:38:41] [INFO] Scheduler started.
[2026-08-04 17:38:41] [INFO] Notification service started.
[2026-08-04 17:38:41] [INFO] Startup complete.
[2026-08-04 17:38:47] [INFO] Command: reload help
[2026-08-04 17:38:47] [INFO] Reloaded plugin: help
[2026-08-04 17:39:06] [INFO] Command: reload all
[2026-08-04 17:39:06] [INFO] Loaded plugin: about
[2026-08-04 17:39:06] [INFO] Loaded plugin: apps
[2026-08-04 17:39:06] [INFO] Loaded plugin: battery
[2026-08-04 17:39:06] [INFO] Loaded plugin: calc
[2026-08-04 17:39:06] [INFO] Loaded plugin: capabilities
[2026-08-04 17:39:06] [INFO] Loaded plugin: clipboard
[2026-08-04 17:39:06] [INFO] Loaded plugin: config
[2026-08-04 17:39:06] [INFO] Loaded plugin: control
[2026-08-04 17:39:06] [INFO] Loaded plugin: dashboard
[2026-08-04 17:39:06] [INFO] Loaded plugin: date
[2026-08-04 17:39:06] [INFO] Loaded plugin: device
[2026-08-04 17:39:06] [INFO] Loaded plugin: doctor
[2026-08-04 17:39:06] [INFO] Loaded plugin: health
[2026-08-04 17:39:06] [INFO] Loaded plugin: help
[2026-08-04 17:39:06] [INFO] Loaded plugin: history
[2026-08-04 17:39:06] [INFO] Loaded plugin: home
[2026-08-04 17:39:06] [INFO] Loaded plugin: jarvis
[2026-08-04 17:39:06] [INFO] Loaded plugin: listen
[2026-08-04 17:39:06] [INFO] Loaded plugin: location
[2026-08-04 17:39:06] [INFO] Loaded plugin: logs
[2026-08-04 17:39:06] [INFO] Loaded plugin: mission
[2026-08-04 17:39:06] [INFO] Loaded plugin: music
[2026-08-04 17:39:06] [INFO] Loaded plugin: notes
[2026-08-04 17:39:06] [INFO] Loaded plugin: notify
[2026-08-04 17:39:06] [INFO] Loaded plugin: open
[2026-08-04 17:39:06] [INFO] Loaded plugin: photo
[2026-08-04 17:39:06] [INFO] Loaded plugin: plugins
[2026-08-04 17:39:06] [INFO] Loaded plugin: recall
[2026-08-04 17:39:06] [INFO] Loaded plugin: reload
[2026-08-04 17:39:06] [INFO] Loaded plugin: remember
[2026-08-04 17:39:06] [INFO] Loaded plugin: restart
[2026-08-04 17:39:06] [INFO] Loaded plugin: schedule
[2026-08-04 17:39:06] [INFO] Loaded plugin: sensors
[2026-08-04 17:39:06] [INFO] Loaded plugin: service
[2026-08-04 17:39:06] [INFO] Loaded plugin: settings
[2026-08-04 17:39:06] [INFO] Loaded plugin: share
[2026-08-04 17:39:06] [INFO] Loaded plugin: speak
[2026-08-04 17:39:06] [INFO] Loaded plugin: status
[2026-08-04 17:39:06] [INFO] Loaded plugin: sysinfo
[2026-08-04 17:39:06] [INFO] Loaded plugin: system
[2026-08-04 17:39:06] [INFO] Loaded plugin: tasks
[2026-08-04 17:39:06] [INFO] Loaded plugin: time
[2026-08-04 17:39:06] [INFO] Loaded plugin: torch
[2026-08-04 17:39:06] [INFO] Loaded plugin: update
[2026-08-04 17:39:06] [INFO] Loaded plugin: upgrade
[2026-08-04 17:39:06] [INFO] Loaded plugin: version
[2026-08-04 17:39:06] [INFO] Loaded plugin: vibrate
[2026-08-04 17:39:06] [INFO] Loaded plugin: volume
[2026-08-04 17:39:06] [INFO] Loaded plugin: wifi
[2026-08-04 17:41:43] [INFO] Command: e it
[2026-08-04 17:41:46] [INFO] KenOS shutting down.
[2026-08-04 17:44:24] [INFO] KenOS starting...
[2026-08-04 17:44:24] [INFO] Startup diagnostics completed.
[2026-08-04 17:44:24] [INFO] Loaded plugin: about
[2026-08-04 17:44:24] [INFO] Loaded plugin: apps
[2026-08-04 17:44:24] [INFO] Loaded plugin: battery
[2026-08-04 17:44:24] [INFO] Loaded plugin: calc
[2026-08-04 17:44:24] [INFO] Loaded plugin: capabilities
[2026-08-04 17:44:24] [INFO] Loaded plugin: clipboard
[2026-08-04 17:44:24] [INFO] Loaded plugin: config
[2026-08-04 17:44:24] [INFO] Loaded plugin: control
[2026-08-04 17:44:24] [INFO] Loaded plugin: dashboard
[2026-08-04 17:44:24] [INFO] Loaded plugin: date
[2026-08-04 17:44:24] [INFO] Loaded plugin: device
[2026-08-04 17:44:24] [INFO] Loaded plugin: doctor
[2026-08-04 17:44:24] [INFO] Loaded plugin: health
[2026-08-04 17:44:24] [INFO] Loaded plugin: help
[2026-08-04 17:44:24] [INFO] Loaded plugin: history
[2026-08-04 17:44:24] [INFO] Loaded plugin: home
[2026-08-04 17:44:24] [INFO] Loaded plugin: jarvis
[2026-08-04 17:44:24] [INFO] Loaded plugin: listen
[2026-08-04 17:44:24] [INFO] Loaded plugin: location
[2026-08-04 17:44:24] [INFO] Loaded plugin: logs
[2026-08-04 17:44:24] [INFO] Loaded plugin: mission
[2026-08-04 17:44:24] [INFO] Loaded plugin: music
[2026-08-04 17:44:24] [INFO] Loaded plugin: notes
[2026-08-04 17:44:24] [INFO] Loaded plugin: notify
[2026-08-04 17:44:24] [INFO] Loaded plugin: open
[2026-08-04 17:44:24] [INFO] Loaded plugin: photo
[2026-08-04 17:44:24] [INFO] Loaded plugin: plugins
[2026-08-04 17:44:24] [INFO] Loaded plugin: recall
[2026-08-04 17:44:24] [INFO] Loaded plugin: reload
[2026-08-04 17:44:24] [INFO] Loaded plugin: remember
[2026-08-04 17:44:24] [INFO] Loaded plugin: restart
[2026-08-04 17:44:24] [INFO] Loaded plugin: schedule
[2026-08-04 17:44:24] [INFO] Loaded plugin: sensors
[2026-08-04 17:44:24] [INFO] Loaded plugin: service
[2026-08-04 17:44:24] [INFO] Loaded plugin: settings
[2026-08-04 17:44:24] [INFO] Loaded plugin: share
[2026-08-04 17:44:24] [INFO] Loaded plugin: speak
[2026-08-04 17:44:24] [INFO] Loaded plugin: status
[2026-08-04 17:44:24] [INFO] Loaded plugin: sysinfo
[2026-08-04 17:44:24] [INFO] Loaded plugin: system
[2026-08-04 17:44:24] [INFO] Loaded plugin: tasks
[2026-08-04 17:44:24] [INFO] Loaded plugin: time
[2026-08-04 17:44:24] [INFO] Loaded plugin: torch
[2026-08-04 17:44:24] [INFO] Loaded plugin: update
[2026-08-04 17:44:24] [INFO] Loaded plugin: upgrade
[2026-08-04 17:44:24] [INFO] Loaded plugin: version
[2026-08-04 17:44:24] [INFO] Loaded plugin: vibrate
[2026-08-04 17:44:24] [INFO] Loaded plugin: volume
[2026-08-04 17:44:24] [INFO] Loaded plugin: wifi
[2026-08-04 17:44:24] [INFO] Plugins loaded successfully.
[2026-08-04 17:44:24] [INFO] Scheduler registered.
[2026-08-04 17:44:24] [INFO] Notification service registered.
[2026-08-04 17:44:24] [INFO] Scheduler started.
[2026-08-04 17:44:24] [INFO] Notification service started.
[2026-08-04 17:44:24] [INFO] Startup complete.
[2026-08-04 17:44:29] [INFO] Command: dashboard
[2026-08-04 17:44:37] [INFO] Command: help
[2026-08-04 17:44:59] [INFO] KenOS shutting down.
[2026-08-04 17:46:38] [INFO] KenOS starting...
[2026-08-04 17:46:38] [INFO] Startup diagnostics completed.
[2026-08-04 17:46:38] [INFO] Loaded plugin: about
[2026-08-04 17:46:38] [INFO] Loaded plugin: apps
[2026-08-04 17:46:38] [INFO] Loaded plugin: battery
[2026-08-04 17:46:38] [INFO] Loaded plugin: calc
[2026-08-04 17:46:38] [INFO] Loaded plugin: capabilities
[2026-08-04 17:46:38] [INFO] Loaded plugin: clipboard
[2026-08-04 17:46:38] [INFO] Loaded plugin: config
[2026-08-04 17:46:38] [INFO] Loaded plugin: control
[2026-08-04 17:46:39] [INFO] Loaded plugin: dashboard
[2026-08-04 17:46:39] [INFO] Loaded plugin: date
[2026-08-04 17:46:39] [INFO] Loaded plugin: device
[2026-08-04 17:46:39] [INFO] Loaded plugin: doctor
[2026-08-04 17:46:39] [INFO] Loaded plugin: health
[2026-08-04 17:46:39] [INFO] Loaded plugin: help
[2026-08-04 17:46:39] [INFO] Loaded plugin: history
[2026-08-04 17:46:39] [INFO] Loaded plugin: home
[2026-08-04 17:46:39] [INFO] Loaded plugin: jarvis
[2026-08-04 17:46:39] [INFO] Loaded plugin: listen
[2026-08-04 17:46:39] [INFO] Loaded plugin: location
[2026-08-04 17:46:39] [INFO] Loaded plugin: logs
[2026-08-04 17:46:39] [INFO] Loaded plugin: mission
[2026-08-04 17:46:39] [INFO] Loaded plugin: music
[2026-08-04 17:46:39] [INFO] Loaded plugin: neofetch
[2026-08-04 17:46:39] [INFO] Loaded plugin: notes
[2026-08-04 17:46:39] [INFO] Loaded plugin: notify
[2026-08-04 17:46:39] [INFO] Loaded plugin: open
[2026-08-04 17:46:39] [INFO] Loaded plugin: photo
[2026-08-04 17:46:39] [INFO] Loaded plugin: plugins
[2026-08-04 17:46:39] [INFO] Loaded plugin: recall
[2026-08-04 17:46:39] [INFO] Loaded plugin: reload
[2026-08-04 17:46:39] [INFO] Loaded plugin: remember
[2026-08-04 17:46:39] [INFO] Loaded plugin: restart
[2026-08-04 17:46:39] [INFO] Loaded plugin: schedule
[2026-08-04 17:46:39] [INFO] Loaded plugin: sensors
[2026-08-04 17:46:39] [INFO] Loaded plugin: service
[2026-08-04 17:46:39] [INFO] Loaded plugin: settings
[2026-08-04 17:46:39] [INFO] Loaded plugin: share
[2026-08-04 17:46:39] [INFO] Loaded plugin: speak
[2026-08-04 17:46:39] [INFO] Loaded plugin: status
[2026-08-04 17:46:39] [INFO] Loaded plugin: sysinfo
[2026-08-04 17:46:39] [INFO] Loaded plugin: system
[2026-08-04 17:46:39] [INFO] Loaded plugin: tasks
[2026-08-04 17:46:39] [INFO] Loaded plugin: theme
[2026-08-04 17:46:39] [INFO] Loaded plugin: time
[2026-08-04 17:46:39] [INFO] Loaded plugin: torch
[2026-08-04 17:46:39] [INFO] Loaded plugin: update
[2026-08-04 17:46:39] [INFO] Loaded plugin: upgrade
[2026-08-04 17:46:39] [INFO] Loaded plugin: version
[2026-08-04 17:46:39] [INFO] Loaded plugin: vibrate
[2026-08-04 17:46:39] [INFO] Loaded plugin: volume
[2026-08-04 17:46:39] [INFO] Loaded plugin: wifi
[2026-08-04 17:46:39] [INFO] Plugins loaded successfully.
[2026-08-04 17:46:39] [INFO] Scheduler registered.
[2026-08-04 17:46:39] [INFO] Notification service registered.
[2026-08-04 17:46:39] [INFO] Scheduler started.
[2026-08-04 17:46:39] [INFO] Notification service started.
[2026-08-04 17:46:39] [INFO] Startup complete.
[2026-08-04 17:46:42] [INFO] Command: neofetch
[2026-08-04 17:47:01] [INFO] KenOS shutting down.
[2026-08-04 20:01:42] [INFO] Loaded plugin: about
[2026-08-04 20:01:42] [INFO] Loaded plugin: apps
[2026-08-04 20:01:42] [INFO] Loaded plugin: battery
[2026-08-04 20:01:42] [INFO] Loaded plugin: calc
[2026-08-04 20:01:42] [INFO] Loaded plugin: capabilities
[2026-08-04 20:01:42] [INFO] Loaded plugin: clipboard
[2026-08-04 20:01:42] [INFO] Loaded plugin: config
[2026-08-04 20:01:42] [INFO] Loaded plugin: control
[2026-08-04 20:01:42] [INFO] Loaded plugin: dashboard
[2026-08-04 20:01:42] [INFO] Loaded plugin: date
[2026-08-04 20:01:42] [INFO] Loaded plugin: device
[2026-08-04 20:01:42] [INFO] Loaded plugin: doctor
[2026-08-04 20:01:42] [INFO] Loaded plugin: health
[2026-08-04 20:01:42] [INFO] Loaded plugin: hello
[2026-08-04 20:01:42] [INFO] Loaded plugin: help
[2026-08-04 20:01:42] [INFO] Loaded plugin: history
[2026-08-04 20:01:42] [INFO] Loaded plugin: home
[2026-08-04 20:01:42] [INFO] Loaded plugin: jarvis
[2026-08-04 20:01:42] [INFO] Loaded plugin: listen
[2026-08-04 20:01:42] [INFO] Loaded plugin: location
[2026-08-04 20:01:42] [INFO] Loaded plugin: logs
[2026-08-04 20:01:42] [INFO] Loaded plugin: mission
[2026-08-04 20:01:42] [INFO] Loaded plugin: music
[2026-08-04 20:01:42] [INFO] Loaded plugin: neofetch
[2026-08-04 20:01:42] [INFO] Loaded plugin: notes
[2026-08-04 20:01:42] [INFO] Loaded plugin: notify
[2026-08-04 20:01:42] [INFO] Loaded plugin: open
[2026-08-04 20:01:42] [INFO] Loaded plugin: photo
[2026-08-04 20:01:42] [INFO] Loaded plugin: plugins
[2026-08-04 20:01:42] [INFO] Loaded plugin: recall
[2026-08-04 20:01:42] [INFO] Loaded plugin: reload
[2026-08-04 20:01:42] [INFO] Loaded plugin: remember
[2026-08-04 20:01:42] [INFO] Loaded plugin: restart
[2026-08-04 20:01:42] [INFO] Loaded plugin: schedule
[2026-08-04 20:01:42] [INFO] Loaded plugin: sensors
[2026-08-04 20:01:42] [INFO] Loaded plugin: service
[2026-08-04 20:01:42] [INFO] Loaded plugin: settings
[2026-08-04 20:01:42] [INFO] Loaded plugin: share
[2026-08-04 20:01:42] [INFO] Loaded plugin: speak
[2026-08-04 20:01:42] [INFO] Loaded plugin: status
[2026-08-04 20:01:42] [INFO] Loaded plugin: sysinfo
[2026-08-04 20:01:42] [INFO] Loaded plugin: system
[2026-08-04 20:01:42] [INFO] Loaded plugin: tasks
[2026-08-04 20:01:42] [INFO] Loaded plugin: theme
[2026-08-04 20:01:42] [INFO] Loaded plugin: time
[2026-08-04 20:01:42] [INFO] Loaded plugin: torch
[2026-08-04 20:01:42] [INFO] Loaded plugin: update
[2026-08-04 20:01:42] [INFO] Loaded plugin: upgrade
[2026-08-04 20:01:42] [INFO] Loaded plugin: version
[2026-08-04 20:01:42] [INFO] Loaded plugin: vibrate
[2026-08-04 20:01:42] [INFO] Loaded plugin: volume
[2026-08-04 20:01:42] [INFO] Loaded plugin: wifi
[2026-08-04 20:01:58] [INFO] how much battery is left
[2026-08-04 20:02:21] [INFO] turn on the flashlight
[2026-08-04 20:02:36] [INFO] turn off the flashlight
[2026-08-04 20:02:57] [INFO] flashlight on
[2026-08-04 20:03:02] [INFO] off
[2026-08-04 20:03:08] [INFO] torch off
[2026-08-04 20:11:11] [INFO] Loaded plugin: about
[2026-08-04 20:11:11] [INFO] Loaded plugin: apps
[2026-08-04 20:11:11] [INFO] Loaded plugin: battery
[2026-08-04 20:11:11] [INFO] Loaded plugin: calc
[2026-08-04 20:11:11] [INFO] Loaded plugin: capabilities
[2026-08-04 20:11:11] [INFO] Loaded plugin: clipboard
[2026-08-04 20:11:11] [INFO] Loaded plugin: config
[2026-08-04 20:11:11] [INFO] Loaded plugin: control
[2026-08-04 20:11:11] [INFO] Loaded plugin: dashboard
[2026-08-04 20:11:11] [INFO] Loaded plugin: date
[2026-08-04 20:11:11] [INFO] Loaded plugin: device
[2026-08-04 20:11:11] [INFO] Loaded plugin: doctor
[2026-08-04 20:11:11] [INFO] Loaded plugin: health
[2026-08-04 20:11:11] [INFO] Loaded plugin: hello
[2026-08-04 20:11:11] [INFO] Loaded plugin: help
[2026-08-04 20:11:11] [INFO] Loaded plugin: history
[2026-08-04 20:11:11] [INFO] Loaded plugin: home
[2026-08-04 20:11:11] [INFO] Loaded plugin: jarvis
[2026-08-04 20:11:11] [INFO] Loaded plugin: listen
[2026-08-04 20:11:11] [INFO] Loaded plugin: location
[2026-08-04 20:11:11] [INFO] Loaded plugin: logs
[2026-08-04 20:11:11] [INFO] Loaded plugin: mission
[2026-08-04 20:11:11] [INFO] Loaded plugin: music
[2026-08-04 20:11:11] [INFO] Loaded plugin: neofetch
[2026-08-04 20:11:11] [INFO] Loaded plugin: notes
[2026-08-04 20:11:11] [INFO] Loaded plugin: notify
[2026-08-04 20:11:11] [INFO] Loaded plugin: open
[2026-08-04 20:11:11] [INFO] Loaded plugin: photo
[2026-08-04 20:11:11] [INFO] Loaded plugin: plugins
[2026-08-04 20:11:11] [INFO] Loaded plugin: recall
[2026-08-04 20:11:11] [INFO] Loaded plugin: reload
[2026-08-04 20:11:11] [INFO] Loaded plugin: remember
[2026-08-04 20:11:11] [INFO] Loaded plugin: restart
[2026-08-04 20:11:11] [INFO] Loaded plugin: schedule
[2026-08-04 20:11:11] [INFO] Loaded plugin: sensors
[2026-08-04 20:11:11] [INFO] Loaded plugin: service
[2026-08-04 20:11:11] [INFO] Loaded plugin: settings
[2026-08-04 20:11:11] [INFO] Loaded plugin: share
[2026-08-04 20:11:11] [INFO] Loaded plugin: speak
[2026-08-04 20:11:11] [INFO] Loaded plugin: status
[2026-08-04 20:11:11] [INFO] Loaded plugin: sysinfo
[2026-08-04 20:11:11] [INFO] Loaded plugin: system
[2026-08-04 20:11:11] [INFO] Loaded plugin: tasks
[2026-08-04 20:11:11] [INFO] Loaded plugin: theme
[2026-08-04 20:11:11] [INFO] Loaded plugin: time
[2026-08-04 20:11:11] [INFO] Loaded plugin: torch
[2026-08-04 20:11:11] [INFO] Loaded plugin: update
[2026-08-04 20:11:11] [INFO] Loaded plugin: upgrade
[2026-08-04 20:11:11] [INFO] Loaded plugin: version
[2026-08-04 20:11:11] [INFO] Loaded plugin: vibrate
[2026-08-04 20:11:11] [INFO] Loaded plugin: volume
[2026-08-04 20:11:11] [INFO] Loaded plugin: wifi
[2026-08-04 20:11:17] [INFO] torch on
[2026-08-04 20:11:31] [INFO] battery
[2026-08-04 20:14:10] [INFO] Loaded plugin: about
[2026-08-04 20:14:10] [INFO] Loaded plugin: apps
[2026-08-04 20:14:10] [INFO] Loaded plugin: battery
[2026-08-04 20:14:10] [INFO] Loaded plugin: calc
[2026-08-04 20:14:10] [INFO] Loaded plugin: capabilities
[2026-08-04 20:14:10] [INFO] Loaded plugin: clipboard
[2026-08-04 20:14:10] [INFO] Loaded plugin: config
[2026-08-04 20:14:10] [INFO] Loaded plugin: control
[2026-08-04 20:14:10] [INFO] Loaded plugin: dashboard
[2026-08-04 20:14:10] [INFO] Loaded plugin: date
[2026-08-04 20:14:10] [INFO] Loaded plugin: device
[2026-08-04 20:14:10] [INFO] Loaded plugin: doctor
[2026-08-04 20:14:10] [INFO] Loaded plugin: health
[2026-08-04 20:14:10] [INFO] Loaded plugin: hello
[2026-08-04 20:14:10] [INFO] Loaded plugin: help
[2026-08-04 20:14:10] [INFO] Loaded plugin: history
[2026-08-04 20:14:10] [INFO] Loaded plugin: home
[2026-08-04 20:14:10] [INFO] Loaded plugin: jarvis
[2026-08-04 20:14:10] [INFO] Loaded plugin: listen
[2026-08-04 20:14:10] [INFO] Loaded plugin: location
[2026-08-04 20:14:10] [INFO] Loaded plugin: logs
[2026-08-04 20:14:10] [INFO] Loaded plugin: mission
[2026-08-04 20:14:10] [INFO] Loaded plugin: music
[2026-08-04 20:14:10] [INFO] Loaded plugin: neofetch
[2026-08-04 20:14:10] [INFO] Loaded plugin: notes
[2026-08-04 20:14:10] [INFO] Loaded plugin: notify
[2026-08-04 20:14:10] [INFO] Loaded plugin: open
[2026-08-04 20:14:10] [INFO] Loaded plugin: photo
[2026-08-04 20:14:10] [INFO] Loaded plugin: plugins
[2026-08-04 20:14:10] [INFO] Loaded plugin: recall
[2026-08-04 20:14:10] [INFO] Loaded plugin: reload
[2026-08-04 20:14:10] [INFO] Loaded plugin: remember
[2026-08-04 20:14:10] [INFO] Loaded plugin: restart
[2026-08-04 20:14:10] [INFO] Loaded plugin: schedule
[2026-08-04 20:14:10] [INFO] Loaded plugin: sensors
[2026-08-04 20:14:10] [INFO] Loaded plugin: service
[2026-08-04 20:14:10] [INFO] Loaded plugin: settings
[2026-08-04 20:14:10] [INFO] Loaded plugin: share
[2026-08-04 20:14:10] [INFO] Loaded plugin: speak
[2026-08-04 20:14:10] [INFO] Loaded plugin: status
[2026-08-04 20:14:10] [INFO] Loaded plugin: sysinfo
[2026-08-04 20:14:10] [INFO] Loaded plugin: system
[2026-08-04 20:14:10] [INFO] Loaded plugin: tasks
[2026-08-04 20:14:10] [INFO] Loaded plugin: theme
[2026-08-04 20:14:10] [INFO] Loaded plugin: time
[2026-08-04 20:14:10] [INFO] Loaded plugin: torch
[2026-08-04 20:14:10] [INFO] Loaded plugin: update
[2026-08-04 20:14:10] [INFO] Loaded plugin: upgrade
[2026-08-04 20:14:10] [INFO] Loaded plugin: version
[2026-08-04 20:14:10] [INFO] Loaded plugin: vibrate
[2026-08-04 20:14:10] [INFO] Loaded plugin: volume
[2026-08-04 20:14:10] [INFO] Loaded plugin: wifi
[2026-08-04 20:14:14] [INFO] battery
[2026-08-04 20:14:24] [INFO] torch on
[2026-08-04 20:14:30] [INFO] torch off
[2026-08-04 20:14:38] [INFO] open camera
[2026-08-04 20:24:10] [INFO] Loaded plugin: about
[2026-08-04 20:24:10] [INFO] Loaded plugin: apps
[2026-08-04 20:24:10] [INFO] Loaded plugin: battery
[2026-08-04 20:24:10] [INFO] Loaded plugin: calc
[2026-08-04 20:24:10] [INFO] Loaded plugin: capabilities
[2026-08-04 20:24:10] [INFO] Loaded plugin: clipboard
[2026-08-04 20:24:10] [INFO] Loaded plugin: config
[2026-08-04 20:24:10] [INFO] Loaded plugin: control
[2026-08-04 20:24:10] [INFO] Loaded plugin: dashboard
[2026-08-04 20:24:10] [INFO] Loaded plugin: date
[2026-08-04 20:24:10] [INFO] Loaded plugin: device
[2026-08-04 20:24:11] [INFO] Loaded plugin: doctor
[2026-08-04 20:24:11] [INFO] Loaded plugin: health
[2026-08-04 20:24:11] [INFO] Loaded plugin: hello
[2026-08-04 20:24:11] [INFO] Loaded plugin: help
[2026-08-04 20:24:11] [INFO] Loaded plugin: history
[2026-08-04 20:24:11] [INFO] Loaded plugin: home
[2026-08-04 20:24:11] [INFO] Loaded plugin: jarvis
[2026-08-04 20:24:11] [INFO] Loaded plugin: listen
[2026-08-04 20:24:11] [INFO] Loaded plugin: location
[2026-08-04 20:24:11] [INFO] Loaded plugin: logs
[2026-08-04 20:24:11] [INFO] Loaded plugin: mission
[2026-08-04 20:24:11] [INFO] Loaded plugin: music
[2026-08-04 20:24:11] [INFO] Loaded plugin: neofetch
[2026-08-04 20:24:11] [INFO] Loaded plugin: notes
[2026-08-04 20:24:11] [INFO] Loaded plugin: notify
[2026-08-04 20:24:11] [INFO] Loaded plugin: open
[2026-08-04 20:24:11] [INFO] Loaded plugin: photo
[2026-08-04 20:24:11] [INFO] Loaded plugin: plugins
[2026-08-04 20:24:11] [INFO] Loaded plugin: recall
[2026-08-04 20:24:11] [INFO] Loaded plugin: reload
[2026-08-04 20:24:11] [INFO] Loaded plugin: remember
[2026-08-04 20:24:11] [INFO] Loaded plugin: restart
[2026-08-04 20:24:11] [INFO] Loaded plugin: schedule
[2026-08-04 20:24:11] [INFO] Loaded plugin: sensors
[2026-08-04 20:24:11] [INFO] Loaded plugin: service
[2026-08-04 20:24:11] [INFO] Loaded plugin: settings
[2026-08-04 20:24:11] [INFO] Loaded plugin: share
[2026-08-04 20:24:11] [INFO] Loaded plugin: speak
[2026-08-04 20:24:11] [INFO] Loaded plugin: status
[2026-08-04 20:24:11] [INFO] Loaded plugin: sysinfo
[2026-08-04 20:24:11] [INFO] Loaded plugin: system
[2026-08-04 20:24:11] [INFO] Loaded plugin: tasks
[2026-08-04 20:24:11] [INFO] Loaded plugin: theme
[2026-08-04 20:24:11] [INFO] Loaded plugin: time
[2026-08-04 20:24:11] [INFO] Loaded plugin: torch
[2026-08-04 20:24:11] [INFO] Loaded plugin: update
[2026-08-04 20:24:11] [INFO] Loaded plugin: upgrade
[2026-08-04 20:24:11] [INFO] Loaded plugin: version
[2026-08-04 20:24:11] [INFO] Loaded plugin: vibrate
[2026-08-04 20:24:11] [INFO] Loaded plugin: volume
[2026-08-04 20:24:11] [INFO] Loaded plugin: wifi
[2026-08-04 20:24:17] [INFO] battery
[2026-08-04 20:30:41] [INFO] ecit
[2026-08-04 20:30:47] [INFO] jarvis
[2026-08-04 20:30:59] [INFO] jarvis hello
[2026-08-04 20:31:05] [INFO] jarvis
[2026-08-04 20:31:13] [INFO] jarvis battery
[2026-08-04 20:31:23] [INFO] jarvis torch off
[2026-08-04 20:31:33] [INFO] jarvis torch on
[2026-08-04 20:31:43] [INFO] jarvis torch off
[2026-08-04 20:31:49] [INFO] listen
[2026-08-04 20:35:40] [INFO] Loaded plugin: about
[2026-08-04 20:35:40] [INFO] Loaded plugin: apps
[2026-08-04 20:35:40] [INFO] Loaded plugin: battery
[2026-08-04 20:35:40] [INFO] Loaded plugin: calc
[2026-08-04 20:35:40] [INFO] Loaded plugin: capabilities
[2026-08-04 20:35:40] [INFO] Loaded plugin: clipboard
[2026-08-04 20:35:40] [INFO] Loaded plugin: config
[2026-08-04 20:35:40] [INFO] Loaded plugin: control
[2026-08-04 20:35:40] [INFO] Loaded plugin: dashboard
[2026-08-04 20:35:40] [INFO] Loaded plugin: date
[2026-08-04 20:35:40] [INFO] Loaded plugin: device
[2026-08-04 20:35:40] [INFO] Loaded plugin: doctor
[2026-08-04 20:35:40] [INFO] Loaded plugin: health
[2026-08-04 20:35:40] [INFO] Loaded plugin: hello
[2026-08-04 20:35:40] [INFO] Loaded plugin: help
[2026-08-04 20:35:40] [INFO] Loaded plugin: history
[2026-08-04 20:35:40] [INFO] Loaded plugin: home
[2026-08-04 20:35:40] [INFO] Loaded plugin: jarvis
[2026-08-04 20:35:40] [INFO] Loaded plugin: listen
[2026-08-04 20:35:40] [INFO] Loaded plugin: location
[2026-08-04 20:35:40] [INFO] Loaded plugin: logs
[2026-08-04 20:35:40] [INFO] Loaded plugin: mission
[2026-08-04 20:35:40] [INFO] Loaded plugin: music
[2026-08-04 20:35:40] [INFO] Loaded plugin: neofetch
[2026-08-04 20:35:40] [INFO] Loaded plugin: notes
[2026-08-04 20:35:40] [INFO] Loaded plugin: notify
[2026-08-04 20:35:40] [INFO] Loaded plugin: open
[2026-08-04 20:35:40] [INFO] Loaded plugin: photo
[2026-08-04 20:35:40] [INFO] Loaded plugin: plugins
[2026-08-04 20:35:40] [INFO] Loaded plugin: recall
[2026-08-04 20:35:40] [INFO] Loaded plugin: reload
[2026-08-04 20:35:40] [INFO] Loaded plugin: remember
[2026-08-04 20:35:40] [INFO] Loaded plugin: restart
[2026-08-04 20:35:40] [INFO] Loaded plugin: schedule
[2026-08-04 20:35:40] [INFO] Loaded plugin: sensors
[2026-08-04 20:35:40] [INFO] Loaded plugin: service
[2026-08-04 20:35:40] [INFO] Loaded plugin: settings
[2026-08-04 20:35:40] [INFO] Loaded plugin: share
[2026-08-04 20:35:40] [INFO] Loaded plugin: speak
[2026-08-04 20:35:40] [INFO] Loaded plugin: status
[2026-08-04 20:35:40] [INFO] Loaded plugin: sysinfo
[2026-08-04 20:35:40] [INFO] Loaded plugin: system
[2026-08-04 20:35:40] [INFO] Loaded plugin: tasks
[2026-08-04 20:35:40] [INFO] Loaded plugin: theme
[2026-08-04 20:35:40] [INFO] Loaded plugin: time
[2026-08-04 20:35:40] [INFO] Loaded plugin: torch
[2026-08-04 20:35:40] [INFO] Loaded plugin: update
[2026-08-04 20:35:40] [INFO] Loaded plugin: upgrade
[2026-08-04 20:35:40] [INFO] Loaded plugin: version
[2026-08-04 20:35:40] [INFO] Loaded plugin: vibrate
[2026-08-04 20:35:40] [INFO] Loaded plugin: volume
[2026-08-04 20:35:40] [INFO] Loaded plugin: wifi
[2026-08-04 20:36:25] [INFO] battery
[2026-08-04 20:36:33] [INFO] play music
[2026-08-04 20:38:15] [INFO] Loaded plugin: about
[2026-08-04 20:38:15] [INFO] Loaded plugin: apps
[2026-08-04 20:38:15] [INFO] Loaded plugin: battery
[2026-08-04 20:38:15] [INFO] Loaded plugin: calc
[2026-08-04 20:38:15] [INFO] Loaded plugin: capabilities
[2026-08-04 20:38:15] [INFO] Loaded plugin: clipboard
[2026-08-04 20:38:15] [INFO] Loaded plugin: config
[2026-08-04 20:38:15] [INFO] Loaded plugin: control
[2026-08-04 20:38:15] [INFO] Loaded plugin: dashboard
[2026-08-04 20:38:15] [INFO] Loaded plugin: date
[2026-08-04 20:38:15] [INFO] Loaded plugin: device
[2026-08-04 20:38:15] [INFO] Loaded plugin: doctor
[2026-08-04 20:38:15] [INFO] Loaded plugin: health
[2026-08-04 20:38:15] [INFO] Loaded plugin: hello
[2026-08-04 20:38:15] [INFO] Loaded plugin: help
[2026-08-04 20:38:15] [INFO] Loaded plugin: history
[2026-08-04 20:38:15] [INFO] Loaded plugin: home
[2026-08-04 20:38:15] [INFO] Loaded plugin: jarvis
[2026-08-04 20:38:15] [INFO] Loaded plugin: listen
[2026-08-04 20:38:15] [INFO] Loaded plugin: location
[2026-08-04 20:38:15] [INFO] Loaded plugin: logs
[2026-08-04 20:38:15] [INFO] Loaded plugin: mission
[2026-08-04 20:38:15] [INFO] Loaded plugin: music
[2026-08-04 20:38:15] [INFO] Loaded plugin: neofetch
[2026-08-04 20:38:15] [INFO] Loaded plugin: notes
[2026-08-04 20:38:15] [INFO] Loaded plugin: notify
[2026-08-04 20:38:15] [INFO] Loaded plugin: open
[2026-08-04 20:38:15] [INFO] Loaded plugin: photo
[2026-08-04 20:38:15] [INFO] Loaded plugin: plugins
[2026-08-04 20:38:15] [INFO] Loaded plugin: recall
[2026-08-04 20:38:15] [INFO] Loaded plugin: reload
[2026-08-04 20:38:15] [INFO] Loaded plugin: remember
[2026-08-04 20:38:15] [INFO] Loaded plugin: restart
[2026-08-04 20:38:15] [INFO] Loaded plugin: schedule
[2026-08-04 20:38:15] [INFO] Loaded plugin: sensors
[2026-08-04 20:38:15] [INFO] Loaded plugin: service
[2026-08-04 20:38:15] [INFO] Loaded plugin: settings
[2026-08-04 20:38:15] [INFO] Loaded plugin: share
[2026-08-04 20:38:15] [INFO] Loaded plugin: speak
[2026-08-04 20:38:15] [INFO] Loaded plugin: status
[2026-08-04 20:38:15] [INFO] Loaded plugin: sysinfo
[2026-08-04 20:38:15] [INFO] Loaded plugin: system
[2026-08-04 20:38:15] [INFO] Loaded plugin: tasks
[2026-08-04 20:38:15] [INFO] Loaded plugin: theme
[2026-08-04 20:38:15] [INFO] Loaded plugin: time
[2026-08-04 20:38:15] [INFO] Loaded plugin: torch
[2026-08-04 20:38:15] [INFO] Loaded plugin: update
[2026-08-04 20:38:15] [INFO] Loaded plugin: upgrade
[2026-08-04 20:38:15] [INFO] Loaded plugin: version
[2026-08-04 20:38:15] [INFO] Loaded plugin: vibrate
[2026-08-04 20:38:15] [INFO] Loaded plugin: volume
[2026-08-04 20:38:15] [INFO] Loaded plugin: wifi
[2026-08-04 20:38:20] [INFO] help
[2026-08-04 20:38:26] [INFO] theme
[2026-08-04 20:38:35] [INFO] speak
[2026-08-04 20:38:43] [INFO] speak hello ken
[2026-08-04 20:39:12] [INFO] speak hello Maggy
[2026-08-04 20:39:29] [INFO] speak Vivian osha viombo
[2026-08-04 20:39:57] [INFO] speak Maggy anakula ugali kubwa
[2026-08-04 20:40:28] [INFO] speak mchele inaungua
[2026-08-04 20:40:45] [INFO] speak Vivian lala
[2026-08-04 20:40:59] [INFO] speak maziwa mala
[2026-08-04 20:41:15] [INFO] speak pika kuku
[2026-08-04 20:41:32] [INFO] speak Yesu ni Bwana
[2026-08-04 20:41:47] [INFO] speak excuse me
[2026-08-04 20:41:59] [INFO] speak usituletee
[2026-08-04 20:44:04] [INFO] speak pole basi
[2026-08-04 20:44:48] [INFO] speak nilikuwa kwa kina viki
[2026-08-04 21:04:41] [INFO] speak 0110623219
[2026-08-04 21:05:07] [INFO] listen
[2026-08-04 21:05:17] [INFO] listen
[2026-08-04 21:05:32] [INFO] listen
[2026-08-04 21:05:44] [INFO] listen
[2026-08-04 21:47:29] [INFO] speak hello jane
[2026-08-04 21:48:21] [INFO] jarjarvis
[2026-08-04 22:12:34] [INFO] jarvis
[2026-08-04 22:13:04] [INFO] battery
[2026-08-04 22:13:11] [INFO] time
[2026-08-04 22:13:26] [INFO] torch on
[2026-08-04 22:13:36] [INFO] torch on
[2026-08-04 22:14:15] [INFO] dashboard
[2026-08-04 22:32:17] [INFO] jarvis
[2026-08-04 22:32:31] [INFO] listen
[2026-08-04 22:32:50] [INFO] listen
[2026-08-04 22:33:05] [INFO] listen
[2026-08-04 22:33:20] [INFO] listen
[2026-08-04 22:33:59] [INFO] listen
[2026-08-04 22:34:24] [INFO] listen
[2026-08-04 22:34:38] [INFO] listen
[2026-08-04 22:36:03] [INFO] listen
[2026-08-04 22:36:39] [INFO] dashboard
[2026-08-04 22:36:46] [INFO] jarvis
[2026-08-04 22:37:06] [INFO] help
[2026-08-04 22:37:10] [INFO] battery
[2026-08-04 22:37:20] [INFO] sysinfo
[2026-08-04 22:38:02] [INFO] time
[2026-08-04 22:38:06] [INFO] version
[2026-08-04 22:38:16] [INFO] what is the time
[2026-08-04 22:38:23] [INFO] location
[2026-08-04 22:56:15] [INFO] listen
[2026-08-04 22:56:29] [INFO] listery
[2026-08-04 22:56:42] [INFO] listen
[2026-08-04 22:56:58] [INFO] listen
[2026-08-04 23:14:40] [INFO] jarvis
[2026-08-04 23:14:48] [INFO] jarvis hello
[2026-08-04 23:15:00] [INFO] jarvis vibrate phone
[2026-08-04 23:15:10] [INFO] jarvis vibrate
[2026-08-04 23:15:29] [INFO] what's my battery
[2026-08-04 23:16:43] [INFO] open whatsapp business
[2026-08-04 23:20:16] [INFO] e it
[2026-08-04 23:20:59] [INFO] battery
[2026-08-04 23:21:03] [INFO] time
[2026-08-04 23:21:13] [INFO] what's tge time
[2026-08-04 23:26:27] [INFO] exiy
[2026-08-04 23:34:04] [INFO] battery
[2026-08-04 23:34:08] [INFO] time
[2026-08-04 23:34:16] [INFO] what time is it
[2026-08-04 23:34:29] [INFO] torch on
[2026-08-04 23:34:47] [INFO] turn on my flashlight
[2026-08-04 23:35:06] [INFO] what's my battery
[2026-08-04 23:35:48] [INFO] cat > plugins/listen.py << 'EOF'
[2026-08-04 23:35:48] [INFO] from core.voice import listen, speak
[2026-08-04 23:35:48] [INFO] from core.router import process
[2026-08-04 23:35:48] [INFO] NAME = "listen"
[2026-08-04 23:35:48] [INFO] DESCRIPTION = "Listen for one voice command"
[2026-08-04 23:35:48] [INFO] SKILLS = [
[2026-08-04 23:35:48] [INFO] "listen",
[2026-08-04 23:35:48] [INFO] "voice",
[2026-08-04 23:35:48] [INFO] "microphone",
[2026-08-04 23:35:48] [INFO] "mic"
[2026-08-04 23:35:48] [INFO] ]
[2026-08-04 23:35:48] [INFO] def run(args):
[2026-08-04 23:35:49] [INFO] command = listen()
[2026-08-04 23:35:49] [INFO] if not command:
[2026-08-04 23:35:49] [INFO] speak("I didn't hear anything.")
[2026-08-04 23:35:49] [INFO] print("🤖 I didn't hear anything.")
[2026-08-04 23:35:49] [INFO] return
[2026-08-04 23:35:49] [INFO] print(f"🎤 You said: {command}")
[2026-08-04 23:35:49] [INFO] process(command)
[2026-08-04 23:35:59] [INFO] EOFexit
[2026-08-04 23:36:44] [INFO] listen
[2026-08-04 23:37:06] [INFO] listen
[2026-08-04 23:37:21] [INFO] listen
[2026-08-05 09:27:17] [INFO] open /storage/emulated/0/Pictures
[2026-08-05 09:27:37] [INFO] jarvis
[2026-08-05 09:27:44] [INFO] jarvis hello
[2026-08-05 09:28:07] [INFO] jarvis vibrate
[2026-08-05 09:28:35] [INFO] jarvis location
[2026-08-05 09:28:44] [INFO] jarvis show location
[2026-08-05 09:28:49] [INFO] mission
[2026-08-05 09:29:03] [INFO] dashboard
[2026-08-05 09:44:33] [INFO] apps
[2026-08-05 09:44:41] [INFO] app open calculater
[2026-08-05 09:44:58] [INFO] open phone
[2026-08-05 09:45:11] [INFO] open calculator
[2026-08-05 09:45:30] [INFO] open settings
[2026-08-05 09:45:37] [INFO] listen
[2026-08-05 09:45:51] [INFO] help
[2026-08-05 09:46:01] [INFO] volume 50
[2026-08-05 09:46:09] [INFO] volume 14
[2026-08-05 09:46:22] [INFO] volume 00
[2026-08-05 09:46:31] [INFO] version
[2026-08-05 09:46:40] [INFO] recall
[2026-08-05 09:46:54] [INFO] recall university
[2026-08-05 09:47:04] [INFO] dashboard
[2026-08-05 09:47:46] [INFO] open whatsapp business
[2026-08-05 09:48:01] [INFO] open camera
[2026-08-05 09:48:22] [INFO] control
[2026-08-05 09:48:40] [INFO] notify hello ken
[2026-08-05 09:49:08] [INFO] volume 100
[2026-08-05 09:49:23] [INFO] volume 16
[2026-08-05 09:49:31] [INFO] volume 14
[2026-08-05 09:49:39] [INFO] volume 100
[2026-08-05 09:49:46] [INFO] volume 150
[2026-08-05 09:50:01] [INFO] sysinfo
[2026-08-05 09:50:16] [INFO] doctor
[2026-08-05 09:50:29] [INFO] status
[2026-08-05 09:50:40] [INFO] wifi
[2026-08-05 09:50:50] [INFO] wifi on
[2026-08-05 09:50:59] [INFO] bluetooth
[2026-08-05 09:51:19] [INFO] device
[2026-08-05 09:51:32] [INFO] neofetch
[2026-08-05 09:52:15] [INFO] jarvis open music
[2026-08-05 09:52:28] [INFO] jarvis pause music
[2026-08-05 09:52:49] [INFO] reload
[2026-08-05 09:53:04] [INFO] theme
[2026-08-05 09:53:41] [INFO] reload 5
[2026-08-05 10:17:08] [INFO] jarvis
[2026-08-05 10:17:18] [INFO] jarvis hello
[2026-08-05 10:22:24] [INFO] torch on
[2026-08-05 10:22:37] [INFO] torch off
[2026-08-05 10:22:47] [INFO] battery
