[2026-08-04 13:42:38] [INFO] KenOS started
[2026-08-04 13:46:07] [INFO] Loaded plugin: about
[2026-08-04 13:46:07] [INFO] Loaded plugin: apps
[2026-08-04 13:46:07] [INFO] Loaded plugin: battery
[2026-08-04 13:46:07] [INFO] Loaded plugin: calc
[2026-08-04 13:46:07] [INFO] Loaded plugin: capabilities
[2026-08-04 13:46:07] [INFO] Loaded plugin: clipboard
[2026-08-04 13:46:07] [INFO] Loaded plugin: dashboard
[2026-08-04 13:46:07] [INFO] Loaded plugin: date
[2026-08-04 13:46:07] [INFO] Loaded plugin: device
[2026-08-04 13:46:07] [INFO] Loaded plugin: doctor
[2026-08-04 13:46:07] [INFO] Loaded plugin: health
[2026-08-04 13:46:07] [INFO] Loaded plugin: help
[2026-08-04 13:46:07] [INFO] Loaded plugin: history
[2026-08-04 13:46:07] [INFO] Loaded plugin: home
[2026-08-04 13:46:07] [INFO] Loaded plugin: jarvis
[2026-08-04 13:46:07] [INFO] Loaded plugin: listen
[2026-08-04 13:46:07] [INFO] Loaded plugin: location
[2026-08-04 13:46:07] [INFO] Loaded plugin: logs
[2026-08-04 13:46:07] [INFO] Loaded plugin: mission
[2026-08-04 13:46:07] [INFO] Loaded plugin: music
[2026-08-04 13:46:07] [INFO] Loaded plugin: notes
[2026-08-04 13:46:07] [INFO] Loaded plugin: notify
[2026-08-04 13:46:07] [INFO] Loaded plugin: photo
[2026-08-04 13:46:07] [INFO] Loaded plugin: plugins
[2026-08-04 13:46:07] [INFO] Loaded plugin: recall
[2026-08-04 13:46:07] [INFO] Loaded plugin: remember
[2026-08-04 13:46:07] [INFO] Loaded plugin: restart
[2026-08-04 13:46:07] [INFO] Loaded plugin: sensors
[2026-08-04 13:46:07] [INFO] Loaded plugin: settings
[2026-08-04 13:46:07] [INFO] Loaded plugin: share
[2026-08-04 13:46:07] [INFO] Loaded plugin: speak
[2026-08-04 13:46:07] [INFO] Loaded plugin: status
[2026-08-04 13:46:07] [INFO] Loaded plugin: sysinfo
[2026-08-04 13:46:07] [INFO] Loaded plugin: tasks
[2026-08-04 13:46:07] [INFO] Loaded plugin: time
[2026-08-04 13:46:07] [INFO] Loaded plugin: torch
[2026-08-04 13:46:07] [INFO] Loaded plugin: update
[2026-08-04 13:46:07] [INFO] Loaded plugin: version
[2026-08-04 13:46:07] [INFO] Loaded plugin: vibrate
[2026-08-04 13:46:07] [INFO] Loaded plugin: volume
[2026-08-04 13:46:07] [INFO] Loaded plugin: wifi
[2026-08-04 13:46:07] [INFO] Plugin loading completed (41 plugins loaded).
[2026-08-04 13:47:12] [INFO] Loaded plugin: about
[2026-08-04 13:47:12] [INFO] Loaded plugin: apps
[2026-08-04 13:47:12] [INFO] Loaded plugin: battery
[2026-08-04 13:47:12] [INFO] Loaded plugin: calc
[2026-08-04 13:47:12] [INFO] Loaded plugin: capabilities
[2026-08-04 13:47:12] [INFO] Loaded plugin: clipboard
[2026-08-04 13:47:12] [INFO] Loaded plugin: dashboard
[2026-08-04 13:47:12] [INFO] Loaded plugin: date
[2026-08-04 13:47:12] [INFO] Loaded plugin: device
[2026-08-04 13:47:12] [INFO] Loaded plugin: doctor
[2026-08-04 13:47:12] [INFO] Loaded plugin: health
[2026-08-04 13:47:12] [INFO] Loaded plugin: help
[2026-08-04 13:47:12] [INFO] Loaded plugin: history
[2026-08-04 13:47:12] [INFO] Loaded plugin: home
[2026-08-04 13:47:12] [INFO] Loaded plugin: jarvis
[2026-08-04 13:47:12] [INFO] Loaded plugin: listen
[2026-08-04 13:47:12] [INFO] Loaded plugin: location
[2026-08-04 13:47:12] [INFO] Loaded plugin: logs
[2026-08-04 13:47:12] [INFO] Loaded plugin: mission
[2026-08-04 13:47:12] [INFO] Loaded plugin: music
[2026-08-04 13:47:12] [INFO] Loaded plugin: notes
[2026-08-04 13:47:12] [INFO] Loaded plugin: notify
[2026-08-04 13:47:12] [INFO] Loaded plugin: photo
[2026-08-04 13:47:12] [INFO] Loaded plugin: plugins
[2026-08-04 13:47:12] [INFO] Loaded plugin: recall
[2026-08-04 13:47:12] [INFO] Loaded plugin: remember
[2026-08-04 13:47:12] [INFO] Loaded plugin: restart
[2026-08-04 13:47:12] [INFO] Loaded plugin: sensors
[2026-08-04 13:47:12] [INFO] Loaded plugin: settings
[2026-08-04 13:47:12] [INFO] Loaded plugin: share
[2026-08-04 13:47:12] [INFO] Loaded plugin: speak
[2026-08-04 13:47:12] [INFO] Loaded plugin: status
[2026-08-04 13:47:12] [INFO] Loaded plugin: sysinfo
[2026-08-04 13:47:12] [INFO] Loaded plugin: tasks
[2026-08-04 13:47:12] [INFO] Loaded plugin: time
[2026-08-04 13:47:12] [INFO] Loaded plugin: torch
[2026-08-04 13:47:12] [INFO] Loaded plugin: update
[2026-08-04 13:47:12] [INFO] Loaded plugin: version
[2026-08-04 13:47:12] [INFO] Loaded plugin: vibrate
[2026-08-04 13:47:12] [INFO] Loaded plugin: volume
[2026-08-04 13:47:12] [INFO] Loaded plugin: wifi
[2026-08-04 13:47:12] [INFO] Plugin loading completed (41 plugins loaded).
[2026-08-04 13:48:41] [INFO] Loaded plugin: about
[2026-08-04 13:48:41] [INFO] Loaded plugin: apps
[2026-08-04 13:48:41] [INFO] Loaded plugin: battery
[2026-08-04 13:48:41] [INFO] Loaded plugin: calc
[2026-08-04 13:48:41] [INFO] Loaded plugin: capabilities
[2026-08-04 13:48:41] [INFO] Loaded plugin: clipboard
[2026-08-04 13:48:41] [INFO] Loaded plugin: dashboard
[2026-08-04 13:48:41] [INFO] Loaded plugin: date
[2026-08-04 13:48:41] [INFO] Loaded plugin: device
[2026-08-04 13:48:41] [INFO] Loaded plugin: doctor
[2026-08-04 13:48:41] [INFO] Loaded plugin: health
[2026-08-04 13:48:41] [INFO] Loaded plugin: help
[2026-08-04 13:48:41] [INFO] Loaded plugin: history
[2026-08-04 13:48:41] [INFO] Loaded plugin: home
[2026-08-04 13:48:41] [INFO] Loaded plugin: jarvis
[2026-08-04 13:48:41] [INFO] Loaded plugin: listen
[2026-08-04 13:48:41] [INFO] Loaded plugin: location
[2026-08-04 13:48:41] [INFO] Loaded plugin: logs
[2026-08-04 13:48:41] [INFO] Loaded plugin: mission
[2026-08-04 13:48:41] [INFO] Loaded plugin: music
[2026-08-04 13:48:41] [INFO] Loaded plugin: notes
[2026-08-04 13:48:41] [INFO] Loaded plugin: notify
[2026-08-04 13:48:41] [INFO] Loaded plugin: photo
[2026-08-04 13:48:41] [INFO] Loaded plugin: plugins
[2026-08-04 13:48:41] [INFO] Loaded plugin: recall
[2026-08-04 13:48:41] [INFO] Loaded plugin: remember
[2026-08-04 13:48:41] [INFO] Loaded plugin: restart
[2026-08-04 13:48:41] [INFO] Loaded plugin: sensors
[2026-08-04 13:48:41] [INFO] Loaded plugin: settings
[2026-08-04 13:48:41] [INFO] Loaded plugin: share
[2026-08-04 13:48:41] [INFO] Loaded plugin: speak
[2026-08-04 13:48:41] [INFO] Loaded plugin: status
[2026-08-04 13:48:41] [INFO] Loaded plugin: sysinfo
[2026-08-04 13:48:41] [INFO] Loaded plugin: tasks
[2026-08-04 13:48:41] [INFO] Loaded plugin: time
[2026-08-04 13:48:41] [INFO] Loaded plugin: torch
[2026-08-04 13:48:41] [INFO] Loaded plugin: update
[2026-08-04 13:48:41] [INFO] Loaded plugin: version
[2026-08-04 13:48:41] [INFO] Loaded plugin: vibrate
[2026-08-04 13:48:41] [INFO] Loaded plugin: volume
[2026-08-04 13:48:41] [INFO] Loaded plugin: wifi
[2026-08-04 13:48:41] [INFO] Plugin loading completed (41 plugins loaded).
[2026-08-04 13:50:03] [INFO] Loaded plugin: about
[2026-08-04 13:50:03] [INFO] Loaded plugin: apps
[2026-08-04 13:50:03] [INFO] Loaded plugin: battery
[2026-08-04 13:50:03] [INFO] Loaded plugin: calc
[2026-08-04 13:50:03] [INFO] Loaded plugin: capabilities
[2026-08-04 13:50:03] [INFO] Loaded plugin: clipboard
[2026-08-04 13:50:03] [INFO] Loaded plugin: dashboard
[2026-08-04 13:50:03] [INFO] Loaded plugin: date
[2026-08-04 13:50:03] [INFO] Loaded plugin: device
[2026-08-04 13:50:03] [INFO] Loaded plugin: doctor
[2026-08-04 13:50:03] [INFO] Loaded plugin: health
[2026-08-04 13:50:03] [INFO] Loaded plugin: help
[2026-08-04 13:50:03] [INFO] Loaded plugin: history
[2026-08-04 13:50:03] [INFO] Loaded plugin: home
[2026-08-04 13:50:03] [INFO] Loaded plugin: jarvis
[2026-08-04 13:50:03] [INFO] Loaded plugin: listen
[2026-08-04 13:50:03] [INFO] Loaded plugin: location
[2026-08-04 13:50:03] [INFO] Loaded plugin: logs
[2026-08-04 13:50:03] [INFO] Loaded plugin: mission
[2026-08-04 13:50:03] [INFO] Loaded plugin: music
[2026-08-04 13:50:03] [INFO] Loaded plugin: notes
[2026-08-04 13:50:03] [INFO] Loaded plugin: notify
[2026-08-04 13:50:03] [INFO] Loaded plugin: photo
[2026-08-04 13:50:03] [INFO] Loaded plugin: plugins
[2026-08-04 13:50:03] [INFO] Loaded plugin: recall
[2026-08-04 13:50:03] [INFO] Loaded plugin: remember
[2026-08-04 13:50:03] [INFO] Loaded plugin: restart
[2026-08-04 13:50:03] [INFO] Loaded plugin: schedule
[2026-08-04 13:50:03] [INFO] Loaded plugin: sensors
[2026-08-04 13:50:03] [INFO] Loaded plugin: settings
[2026-08-04 13:50:03] [INFO] Loaded plugin: share
[2026-08-04 13:50:03] [INFO] Loaded plugin: speak
[2026-08-04 13:50:03] [INFO] Loaded plugin: status
[2026-08-04 13:50:03] [INFO] Loaded plugin: sysinfo
[2026-08-04 13:50:03] [INFO] Loaded plugin: tasks
[2026-08-04 13:50:03] [INFO] Loaded plugin: time
[2026-08-04 13:50:03] [INFO] Loaded plugin: torch
[2026-08-04 13:50:03] [INFO] Loaded plugin: update
[2026-08-04 13:50:03] [INFO] Loaded plugin: version
[2026-08-04 13:50:03] [INFO] Loaded plugin: vibrate
[2026-08-04 13:50:03] [INFO] Loaded plugin: volume
[2026-08-04 13:50:03] [INFO] Loaded plugin: wifi
[2026-08-04 13:50:03] [INFO] Plugin loading completed (42 plugins loaded).
[2026-08-04 13:51:22] [INFO] Loaded plugin: about
[2026-08-04 13:51:22] [INFO] Loaded plugin: apps
[2026-08-04 13:51:22] [INFO] Loaded plugin: battery
[2026-08-04 13:51:22] [INFO] Loaded plugin: calc
[2026-08-04 13:51:22] [INFO] Loaded plugin: capabilities
[2026-08-04 13:51:22] [INFO] Loaded plugin: clipboard
[2026-08-04 13:51:22] [INFO] Loaded plugin: dashboard
[2026-08-04 13:51:22] [INFO] Loaded plugin: date
[2026-08-04 13:51:22] [INFO] Loaded plugin: device
[2026-08-04 13:51:22] [INFO] Loaded plugin: doctor
[2026-08-04 13:51:22] [INFO] Loaded plugin: health
[2026-08-04 13:51:22] [INFO] Loaded plugin: help
[2026-08-04 13:51:22] [INFO] Loaded plugin: history
[2026-08-04 13:51:22] [INFO] Loaded plugin: home
[2026-08-04 13:51:22] [INFO] Loaded plugin: jarvis
[2026-08-04 13:51:22] [INFO] Loaded plugin: listen
[2026-08-04 13:51:22] [INFO] Loaded plugin: location
[2026-08-04 13:51:22] [INFO] Loaded plugin: logs
[2026-08-04 13:51:22] [INFO] Loaded plugin: mission
[2026-08-04 13:51:22] [INFO] Loaded plugin: music
[2026-08-04 13:51:22] [INFO] Loaded plugin: notes
[2026-08-04 13:51:22] [INFO] Loaded plugin: notify
[2026-08-04 13:51:22] [INFO] Loaded plugin: photo
[2026-08-04 13:51:22] [INFO] Loaded plugin: plugins
[2026-08-04 13:51:22] [INFO] Loaded plugin: recall
[2026-08-04 13:51:22] [INFO] Loaded plugin: remember
[2026-08-04 13:51:22] [INFO] Loaded plugin: restart
[2026-08-04 13:51:22] [INFO] Loaded plugin: schedule
[2026-08-04 13:51:22] [INFO] Loaded plugin: sensors
[2026-08-04 13:51:22] [INFO] Loaded plugin: settings
[2026-08-04 13:51:22] [INFO] Loaded plugin: share
[2026-08-04 13:51:22] [INFO] Loaded plugin: speak
[2026-08-04 13:51:22] [INFO] Loaded plugin: status
[2026-08-04 13:51:22] [INFO] Loaded plugin: sysinfo
[2026-08-04 13:51:22] [INFO] Loaded plugin: tasks
[2026-08-04 13:51:22] [INFO] Loaded plugin: time
[2026-08-04 13:51:22] [INFO] Loaded plugin: torch
[2026-08-04 13:51:22] [INFO] Loaded plugin: update
[2026-08-04 13:51:22] [INFO] Loaded plugin: version
[2026-08-04 13:51:22] [INFO] Loaded plugin: vibrate
[2026-08-04 13:51:22] [INFO] Loaded plugin: volume
[2026-08-04 13:51:22] [INFO] Loaded plugin: wifi
[2026-08-04 13:51:22] [INFO] Plugin loading completed (42 plugins loaded).
[2026-08-04 13:53:27] [INFO] Loaded plugin: about
[2026-08-04 13:53:27] [INFO] Loaded plugin: apps
[2026-08-04 13:53:27] [INFO] Loaded plugin: battery
[2026-08-04 13:53:27] [INFO] Loaded plugin: calc
[2026-08-04 13:53:27] [INFO] Loaded plugin: capabilities
[2026-08-04 13:53:27] [INFO] Loaded plugin: clipboard
[2026-08-04 13:53:27] [INFO] Loaded plugin: dashboard
[2026-08-04 13:53:27] [INFO] Loaded plugin: date
[2026-08-04 13:53:27] [INFO] Loaded plugin: device
[2026-08-04 13:53:27] [INFO] Loaded plugin: doctor
[2026-08-04 13:53:27] [INFO] Loaded plugin: health
[2026-08-04 13:53:27] [INFO] Loaded plugin: help
[2026-08-04 13:53:27] [INFO] Loaded plugin: history
[2026-08-04 13:53:27] [INFO] Loaded plugin: home
[2026-08-04 13:53:27] [INFO] Loaded plugin: jarvis
[2026-08-04 13:53:27] [INFO] Loaded plugin: listen
[2026-08-04 13:53:27] [INFO] Loaded plugin: location
[2026-08-04 13:53:27] [INFO] Loaded plugin: logs
[2026-08-04 13:53:27] [INFO] Loaded plugin: mission
[2026-08-04 13:53:27] [INFO] Loaded plugin: music
[2026-08-04 13:53:27] [INFO] Loaded plugin: notes
[2026-08-04 13:53:27] [INFO] Loaded plugin: notify
[2026-08-04 13:53:27] [INFO] Loaded plugin: open
[2026-08-04 13:53:27] [INFO] Loaded plugin: photo
[2026-08-04 13:53:27] [INFO] Loaded plugin: plugins
[2026-08-04 13:53:27] [INFO] Loaded plugin: recall
[2026-08-04 13:53:27] [INFO] Loaded plugin: remember
[2026-08-04 13:53:27] [INFO] Loaded plugin: restart
[2026-08-04 13:53:27] [INFO] Loaded plugin: schedule
[2026-08-04 13:53:27] [INFO] Loaded plugin: sensors
[2026-08-04 13:53:27] [INFO] Loaded plugin: settings
[2026-08-04 13:53:27] [INFO] Loaded plugin: share
[2026-08-04 13:53:27] [INFO] Loaded plugin: speak
[2026-08-04 13:53:27] [INFO] Loaded plugin: status
[2026-08-04 13:53:27] [INFO] Loaded plugin: sysinfo
[2026-08-04 13:53:27] [INFO] Loaded plugin: tasks
[2026-08-04 13:53:27] [INFO] Loaded plugin: time
[2026-08-04 13:53:27] [INFO] Loaded plugin: torch
[2026-08-04 13:53:27] [INFO] Loaded plugin: update
[2026-08-04 13:53:27] [INFO] Loaded plugin: version
[2026-08-04 13:53:27] [INFO] Loaded plugin: vibrate
[2026-08-04 13:53:27] [INFO] Loaded plugin: volume
[2026-08-04 13:53:27] [INFO] Loaded plugin: wifi
[2026-08-04 13:53:27] [INFO] Plugin loading completed (43 plugins loaded).
[2026-08-04 13:55:33] [INFO] Loaded plugin: about
[2026-08-04 13:55:33] [INFO] Loaded plugin: apps
[2026-08-04 13:55:33] [INFO] Loaded plugin: battery
[2026-08-04 13:55:33] [INFO] Loaded plugin: calc
[2026-08-04 13:55:33] [INFO] Loaded plugin: capabilities
[2026-08-04 13:55:33] [INFO] Loaded plugin: clipboard
[2026-08-04 13:55:33] [INFO] Loaded plugin: dashboard
[2026-08-04 13:55:33] [INFO] Loaded plugin: date
[2026-08-04 13:55:33] [INFO] Loaded plugin: device
[2026-08-04 13:55:33] [INFO] Loaded plugin: doctor
[2026-08-04 13:55:33] [INFO] Loaded plugin: health
[2026-08-04 13:55:33] [INFO] Loaded plugin: help
[2026-08-04 13:55:33] [INFO] Loaded plugin: history
[2026-08-04 13:55:33] [INFO] Loaded plugin: home
[2026-08-04 13:55:33] [INFO] Loaded plugin: jarvis
[2026-08-04 13:55:33] [INFO] Loaded plugin: listen
[2026-08-04 13:55:33] [INFO] Loaded plugin: location
[2026-08-04 13:55:33] [INFO] Loaded plugin: logs
[2026-08-04 13:55:33] [INFO] Loaded plugin: mission
[2026-08-04 13:55:33] [INFO] Loaded plugin: music
[2026-08-04 13:55:33] [INFO] Loaded plugin: notes
[2026-08-04 13:55:33] [INFO] Loaded plugin: notify
[2026-08-04 13:55:33] [INFO] Loaded plugin: open
[2026-08-04 13:55:33] [INFO] Loaded plugin: photo
[2026-08-04 13:55:33] [INFO] Loaded plugin: plugins
[2026-08-04 13:55:33] [INFO] Loaded plugin: recall
[2026-08-04 13:55:33] [INFO] Loaded plugin: remember
[2026-08-04 13:55:33] [INFO] Loaded plugin: restart
[2026-08-04 13:55:33] [INFO] Loaded plugin: schedule
[2026-08-04 13:55:33] [INFO] Loaded plugin: sensors
[2026-08-04 13:55:33] [INFO] Loaded plugin: settings
[2026-08-04 13:55:33] [INFO] Loaded plugin: share
[2026-08-04 13:55:33] [INFO] Loaded plugin: speak
[2026-08-04 13:55:33] [INFO] Loaded plugin: status
[2026-08-04 13:55:33] [INFO] Loaded plugin: sysinfo
[2026-08-04 13:55:33] [INFO] Loaded plugin: tasks
[2026-08-04 13:55:33] [INFO] Loaded plugin: time
[2026-08-04 13:55:33] [INFO] Loaded plugin: torch
[2026-08-04 13:55:33] [INFO] Loaded plugin: update
[2026-08-04 13:55:33] [INFO] Loaded plugin: version
[2026-08-04 13:55:33] [INFO] Loaded plugin: vibrate
[2026-08-04 13:55:33] [INFO] Loaded plugin: volume
[2026-08-04 13:55:33] [INFO] Loaded plugin: wifi
[2026-08-04 13:55:33] [INFO] Plugin loading completed (43 plugins loaded).
[2026-08-04 13:59:21] [INFO] Loaded plugin: about
[2026-08-04 13:59:21] [INFO] Loaded plugin: apps
[2026-08-04 13:59:21] [INFO] Loaded plugin: battery
[2026-08-04 13:59:21] [INFO] Loaded plugin: calc
[2026-08-04 13:59:21] [INFO] Loaded plugin: capabilities
[2026-08-04 13:59:21] [INFO] Loaded plugin: clipboard
[2026-08-04 13:59:21] [INFO] Loaded plugin: dashboard
[2026-08-04 13:59:21] [INFO] Loaded plugin: date
[2026-08-04 13:59:21] [INFO] Loaded plugin: device
[2026-08-04 13:59:21] [INFO] Loaded plugin: doctor
[2026-08-04 13:59:21] [INFO] Loaded plugin: health
[2026-08-04 13:59:21] [INFO] Loaded plugin: help
[2026-08-04 13:59:21] [INFO] Loaded plugin: history
[2026-08-04 13:59:21] [INFO] Loaded plugin: home
[2026-08-04 13:59:21] [INFO] Loaded plugin: jarvis
[2026-08-04 13:59:21] [INFO] Loaded plugin: listen
[2026-08-04 13:59:21] [INFO] Loaded plugin: location
[2026-08-04 13:59:21] [INFO] Loaded plugin: logs
[2026-08-04 13:59:21] [INFO] Loaded plugin: mission
[2026-08-04 13:59:21] [INFO] Loaded plugin: music
[2026-08-04 13:59:21] [INFO] Loaded plugin: notes
[2026-08-04 13:59:21] [INFO] Loaded plugin: notify
[2026-08-04 13:59:21] [INFO] Loaded plugin: open
[2026-08-04 13:59:21] [INFO] Loaded plugin: photo
[2026-08-04 13:59:21] [INFO] Loaded plugin: plugins
[2026-08-04 13:59:21] [INFO] Loaded plugin: recall
[2026-08-04 13:59:21] [INFO] Loaded plugin: remember
[2026-08-04 13:59:21] [INFO] Loaded plugin: restart
[2026-08-04 13:59:21] [INFO] Loaded plugin: schedule
[2026-08-04 13:59:21] [INFO] Loaded plugin: sensors
[2026-08-04 13:59:22] [INFO] Loaded plugin: settings
[2026-08-04 13:59:22] [INFO] Loaded plugin: share
[2026-08-04 13:59:22] [INFO] Loaded plugin: speak
[2026-08-04 13:59:22] [INFO] Loaded plugin: status
[2026-08-04 13:59:22] [INFO] Loaded plugin: sysinfo
[2026-08-04 13:59:22] [INFO] Loaded plugin: tasks
[2026-08-04 13:59:22] [INFO] Loaded plugin: time
[2026-08-04 13:59:22] [INFO] Loaded plugin: torch
[2026-08-04 13:59:22] [INFO] Loaded plugin: update
[2026-08-04 13:59:22] [INFO] Loaded plugin: version
[2026-08-04 13:59:22] [INFO] Loaded plugin: vibrate
[2026-08-04 13:59:22] [INFO] Loaded plugin: volume
[2026-08-04 13:59:22] [INFO] Loaded plugin: wifi
[2026-08-04 13:59:22] [INFO] Plugin loading completed (43 plugins loaded).
[2026-08-04 14:00:44] [INFO] Loaded plugin: about
[2026-08-04 14:00:44] [INFO] Loaded plugin: apps
[2026-08-04 14:00:44] [INFO] Loaded plugin: battery
[2026-08-04 14:00:44] [INFO] Loaded plugin: calc
[2026-08-04 14:00:44] [INFO] Loaded plugin: capabilities
[2026-08-04 14:00:44] [INFO] Loaded plugin: clipboard
[2026-08-04 14:00:44] [INFO] Loaded plugin: dashboard
[2026-08-04 14:00:44] [INFO] Loaded plugin: date
[2026-08-04 14:00:44] [INFO] Loaded plugin: device
[2026-08-04 14:00:44] [INFO] Loaded plugin: doctor
[2026-08-04 14:00:44] [INFO] Loaded plugin: health
[2026-08-04 14:00:44] [INFO] Loaded plugin: help
[2026-08-04 14:00:44] [INFO] Loaded plugin: history
[2026-08-04 14:00:44] [INFO] Loaded plugin: home
[2026-08-04 14:00:44] [INFO] Loaded plugin: jarvis
[2026-08-04 14:00:44] [INFO] Loaded plugin: listen
[2026-08-04 14:00:44] [INFO] Loaded plugin: location
[2026-08-04 14:00:44] [INFO] Loaded plugin: logs
[2026-08-04 14:00:44] [INFO] Loaded plugin: mission
[2026-08-04 14:00:44] [INFO] Loaded plugin: music
[2026-08-04 14:00:44] [INFO] Loaded plugin: notes
[2026-08-04 14:00:44] [INFO] Loaded plugin: notify
[2026-08-04 14:00:44] [INFO] Loaded plugin: open
[2026-08-04 14:00:44] [INFO] Loaded plugin: photo
[2026-08-04 14:00:44] [INFO] Loaded plugin: plugins
[2026-08-04 14:00:44] [INFO] Loaded plugin: recall
[2026-08-04 14:00:44] [INFO] Loaded plugin: remember
[2026-08-04 14:00:44] [INFO] Loaded plugin: restart
[2026-08-04 14:00:44] [INFO] Loaded plugin: schedule
[2026-08-04 14:00:44] [INFO] Loaded plugin: sensors
[2026-08-04 14:00:44] [INFO] Loaded plugin: settings
[2026-08-04 14:00:44] [INFO] Loaded plugin: share
[2026-08-04 14:00:44] [INFO] Loaded plugin: speak
[2026-08-04 14:00:44] [INFO] Loaded plugin: status
[2026-08-04 14:00:44] [INFO] Loaded plugin: sysinfo
[2026-08-04 14:00:44] [INFO] Loaded plugin: system
[2026-08-04 14:00:44] [INFO] Loaded plugin: tasks
[2026-08-04 14:00:44] [INFO] Loaded plugin: time
[2026-08-04 14:00:44] [INFO] Loaded plugin: torch
[2026-08-04 14:00:44] [INFO] Loaded plugin: update
[2026-08-04 14:00:44] [INFO] Loaded plugin: version
[2026-08-04 14:00:44] [INFO] Loaded plugin: vibrate
[2026-08-04 14:00:44] [INFO] Loaded plugin: volume
[2026-08-04 14:00:44] [INFO] Loaded plugin: wifi
[2026-08-04 14:00:44] [INFO] Plugin loading completed (44 plugins loaded).
[2026-08-04 14:02:49] [INFO] Loaded plugin: about
[2026-08-04 14:02:49] [INFO] Loaded plugin: apps
[2026-08-04 14:02:49] [INFO] Loaded plugin: battery
[2026-08-04 14:02:49] [INFO] Loaded plugin: calc
[2026-08-04 14:02:49] [INFO] Loaded plugin: capabilities
[2026-08-04 14:02:49] [INFO] Loaded plugin: clipboard
[2026-08-04 14:02:49] [INFO] Loaded plugin: dashboard
[2026-08-04 14:02:49] [INFO] Loaded plugin: date
[2026-08-04 14:02:49] [INFO] Loaded plugin: device
[2026-08-04 14:02:49] [INFO] Loaded plugin: doctor
[2026-08-04 14:02:49] [INFO] Loaded plugin: health
[2026-08-04 14:02:49] [INFO] Loaded plugin: help
[2026-08-04 14:02:49] [INFO] Loaded plugin: history
[2026-08-04 14:02:49] [INFO] Loaded plugin: home
[2026-08-04 14:02:49] [INFO] Loaded plugin: jarvis
[2026-08-04 14:02:49] [INFO] Loaded plugin: listen
[2026-08-04 14:02:49] [INFO] Loaded plugin: location
[2026-08-04 14:02:49] [INFO] Loaded plugin: logs
[2026-08-04 14:02:49] [INFO] Loaded plugin: mission
[2026-08-04 14:02:49] [INFO] Loaded plugin: music
[2026-08-04 14:02:49] [INFO] Loaded plugin: notes
[2026-08-04 14:02:49] [INFO] Loaded plugin: notify
[2026-08-04 14:02:49] [INFO] Loaded plugin: open
[2026-08-04 14:02:49] [INFO] Loaded plugin: photo
[2026-08-04 14:02:49] [INFO] Loaded plugin: plugins
[2026-08-04 14:02:49] [INFO] Loaded plugin: recall
[2026-08-04 14:02:49] [INFO] Loaded plugin: remember
[2026-08-04 14:02:49] [INFO] Loaded plugin: restart
[2026-08-04 14:02:49] [INFO] Loaded plugin: schedule
[2026-08-04 14:02:49] [INFO] Loaded plugin: sensors
[2026-08-04 14:02:49] [INFO] Loaded plugin: settings
[2026-08-04 14:02:49] [INFO] Loaded plugin: share
[2026-08-04 14:02:49] [INFO] Loaded plugin: speak
[2026-08-04 14:02:49] [INFO] Loaded plugin: status
[2026-08-04 14:02:49] [INFO] Loaded plugin: sysinfo
[2026-08-04 14:02:49] [INFO] Loaded plugin: system
[2026-08-04 14:02:49] [INFO] Loaded plugin: tasks
[2026-08-04 14:02:49] [INFO] Loaded plugin: time
[2026-08-04 14:02:49] [INFO] Loaded plugin: torch
[2026-08-04 14:02:49] [INFO] Loaded plugin: update
[2026-08-04 14:02:49] [INFO] Loaded plugin: version
[2026-08-04 14:02:49] [INFO] Loaded plugin: vibrate
[2026-08-04 14:02:49] [INFO] Loaded plugin: volume
[2026-08-04 14:02:49] [INFO] Loaded plugin: wifi
[2026-08-04 14:02:49] [INFO] Plugin loading completed (44 plugins loaded).
[2026-08-04 14:06:12] [INFO] Loaded plugin: about
[2026-08-04 14:06:12] [INFO] Loaded plugin: apps
[2026-08-04 14:06:12] [INFO] Loaded plugin: battery
[2026-08-04 14:06:12] [INFO] Loaded plugin: calc
[2026-08-04 14:06:12] [INFO] Loaded plugin: capabilities
[2026-08-04 14:06:12] [INFO] Loaded plugin: clipboard
[2026-08-04 14:06:12] [INFO] Loaded plugin: dashboard
[2026-08-04 14:06:12] [INFO] Loaded plugin: date
[2026-08-04 14:06:12] [INFO] Loaded plugin: device
[2026-08-04 14:06:12] [INFO] Loaded plugin: doctor
[2026-08-04 14:06:12] [INFO] Loaded plugin: health
[2026-08-04 14:06:12] [INFO] Loaded plugin: help
[2026-08-04 14:06:12] [INFO] Loaded plugin: history
[2026-08-04 14:06:12] [INFO] Loaded plugin: home
[2026-08-04 14:06:12] [INFO] Loaded plugin: jarvis
[2026-08-04 14:06:12] [INFO] Loaded plugin: listen
[2026-08-04 14:06:12] [INFO] Loaded plugin: location
[2026-08-04 14:06:12] [INFO] Loaded plugin: logs
[2026-08-04 14:06:12] [INFO] Loaded plugin: mission
[2026-08-04 14:06:12] [INFO] Loaded plugin: music
[2026-08-04 14:06:12] [INFO] Loaded plugin: notes
[2026-08-04 14:06:12] [INFO] Loaded plugin: notify
[2026-08-04 14:06:12] [INFO] Loaded plugin: open
[2026-08-04 14:06:12] [INFO] Loaded plugin: photo
[2026-08-04 14:06:12] [INFO] Loaded plugin: plugins
[2026-08-04 14:06:12] [INFO] Loaded plugin: recall
[2026-08-04 14:06:12] [INFO] Loaded plugin: remember
[2026-08-04 14:06:12] [INFO] Loaded plugin: restart
[2026-08-04 14:06:12] [INFO] Loaded plugin: schedule
[2026-08-04 14:06:12] [INFO] Loaded plugin: sensors
[2026-08-04 14:06:12] [INFO] Loaded plugin: settings
[2026-08-04 14:06:12] [INFO] Loaded plugin: share
[2026-08-04 14:06:12] [INFO] Loaded plugin: speak
[2026-08-04 14:06:12] [INFO] Loaded plugin: status
[2026-08-04 14:06:12] [INFO] Loaded plugin: sysinfo
[2026-08-04 14:06:12] [INFO] Loaded plugin: system
[2026-08-04 14:06:12] [INFO] Loaded plugin: tasks
[2026-08-04 14:06:12] [INFO] Loaded plugin: time
[2026-08-04 14:06:12] [INFO] Loaded plugin: torch
[2026-08-04 14:06:12] [INFO] Loaded plugin: update
[2026-08-04 14:06:12] [INFO] Loaded plugin: version
[2026-08-04 14:06:12] [INFO] Loaded plugin: vibrate
[2026-08-04 14:06:12] [INFO] Loaded plugin: volume
[2026-08-04 14:06:12] [INFO] Loaded plugin: wifi
[2026-08-04 14:06:12] [INFO] Plugin loading completed (44 plugins loaded).
[2026-08-04 14:06:53] [INFO] Loaded plugin: about
[2026-08-04 14:06:53] [INFO] Loaded plugin: apps
[2026-08-04 14:06:53] [INFO] Loaded plugin: battery
[2026-08-04 14:06:53] [INFO] Loaded plugin: calc
[2026-08-04 14:06:53] [INFO] Loaded plugin: capabilities
[2026-08-04 14:06:53] [INFO] Loaded plugin: clipboard
[2026-08-04 14:06:53] [INFO] Loaded plugin: dashboard
[2026-08-04 14:06:53] [INFO] Loaded plugin: date
[2026-08-04 14:06:53] [INFO] Loaded plugin: device
[2026-08-04 14:06:53] [INFO] Loaded plugin: doctor
[2026-08-04 14:06:53] [INFO] Loaded plugin: health
[2026-08-04 14:06:53] [INFO] Loaded plugin: help
[2026-08-04 14:06:53] [INFO] Loaded plugin: history
[2026-08-04 14:06:53] [INFO] Loaded plugin: home
[2026-08-04 14:06:53] [INFO] Loaded plugin: jarvis
[2026-08-04 14:06:53] [INFO] Loaded plugin: listen
[2026-08-04 14:06:53] [INFO] Loaded plugin: location
[2026-08-04 14:06:53] [INFO] Loaded plugin: logs
[2026-08-04 14:06:53] [INFO] Loaded plugin: mission
[2026-08-04 14:06:53] [INFO] Loaded plugin: music
[2026-08-04 14:06:53] [INFO] Loaded plugin: notes
[2026-08-04 14:06:53] [INFO] Loaded plugin: notify
[2026-08-04 14:06:53] [INFO] Loaded plugin: open
[2026-08-04 14:06:53] [INFO] Loaded plugin: photo
[2026-08-04 14:06:53] [INFO] Loaded plugin: plugins
[2026-08-04 14:06:53] [INFO] Loaded plugin: recall
[2026-08-04 14:06:53] [INFO] Loaded plugin: remember
[2026-08-04 14:06:53] [INFO] Loaded plugin: restart
[2026-08-04 14:06:53] [INFO] Loaded plugin: schedule
[2026-08-04 14:06:53] [INFO] Loaded plugin: sensors
[2026-08-04 14:06:53] [INFO] Loaded plugin: settings
[2026-08-04 14:06:53] [INFO] Loaded plugin: share
[2026-08-04 14:06:53] [INFO] Loaded plugin: speak
[2026-08-04 14:06:53] [INFO] Loaded plugin: status
[2026-08-04 14:06:53] [INFO] Loaded plugin: sysinfo
[2026-08-04 14:06:53] [INFO] Loaded plugin: system
[2026-08-04 14:06:53] [INFO] Loaded plugin: tasks
[2026-08-04 14:06:53] [INFO] Loaded plugin: time
[2026-08-04 14:06:53] [INFO] Loaded plugin: torch
[2026-08-04 14:06:53] [INFO] Loaded plugin: update
[2026-08-04 14:06:53] [INFO] Loaded plugin: version
[2026-08-04 14:06:53] [INFO] Loaded plugin: vibrate
[2026-08-04 14:06:53] [INFO] Loaded plugin: volume
[2026-08-04 14:06:53] [INFO] Loaded plugin: wifi
[2026-08-04 14:06:53] [INFO] Plugin loading completed (44 plugins loaded).
[2026-08-04 14:09:28] [INFO] Loaded plugin: about
[2026-08-04 14:09:28] [INFO] Loaded plugin: apps
[2026-08-04 14:09:28] [INFO] Loaded plugin: battery
[2026-08-04 14:09:28] [INFO] Loaded plugin: calc
[2026-08-04 14:09:28] [INFO] Loaded plugin: capabilities
[2026-08-04 14:09:28] [INFO] Loaded plugin: clipboard
[2026-08-04 14:09:28] [INFO] Loaded plugin: control
[2026-08-04 14:09:28] [INFO] Loaded plugin: dashboard
[2026-08-04 14:09:28] [INFO] Loaded plugin: date
[2026-08-04 14:09:28] [INFO] Loaded plugin: device
[2026-08-04 14:09:28] [INFO] Loaded plugin: doctor
[2026-08-04 14:09:28] [INFO] Loaded plugin: health
[2026-08-04 14:09:28] [INFO] Loaded plugin: help
[2026-08-04 14:09:28] [INFO] Loaded plugin: history
[2026-08-04 14:09:28] [INFO] Loaded plugin: home
[2026-08-04 14:09:28] [INFO] Loaded plugin: jarvis
[2026-08-04 14:09:28] [INFO] Loaded plugin: listen
[2026-08-04 14:09:28] [INFO] Loaded plugin: location
[2026-08-04 14:09:28] [INFO] Loaded plugin: logs
[2026-08-04 14:09:28] [INFO] Loaded plugin: mission
[2026-08-04 14:09:28] [INFO] Loaded plugin: music
[2026-08-04 14:09:28] [INFO] Loaded plugin: notes
[2026-08-04 14:09:28] [INFO] Loaded plugin: notify
[2026-08-04 14:09:28] [INFO] Loaded plugin: open
[2026-08-04 14:09:28] [INFO] Loaded plugin: photo
[2026-08-04 14:09:28] [INFO] Loaded plugin: plugins
[2026-08-04 14:09:28] [INFO] Loaded plugin: recall
[2026-08-04 14:09:28] [INFO] Loaded plugin: remember
[2026-08-04 14:09:28] [INFO] Loaded plugin: restart
[2026-08-04 14:09:28] [INFO] Loaded plugin: schedule
[2026-08-04 14:09:28] [INFO] Loaded plugin: sensors
[2026-08-04 14:09:28] [INFO] Loaded plugin: settings
[2026-08-04 14:09:28] [INFO] Loaded plugin: share
[2026-08-04 14:09:28] [INFO] Loaded plugin: speak
[2026-08-04 14:09:28] [INFO] Loaded plugin: status
[2026-08-04 14:09:28] [INFO] Loaded plugin: sysinfo
[2026-08-04 14:09:28] [INFO] Loaded plugin: system
[2026-08-04 14:09:28] [INFO] Loaded plugin: tasks
[2026-08-04 14:09:28] [INFO] Loaded plugin: time
[2026-08-04 14:09:28] [INFO] Loaded plugin: torch
[2026-08-04 14:09:28] [INFO] Loaded plugin: update
[2026-08-04 14:09:28] [INFO] Loaded plugin: version
[2026-08-04 14:09:28] [INFO] Loaded plugin: vibrate
[2026-08-04 14:09:28] [INFO] Loaded plugin: volume
[2026-08-04 14:09:28] [INFO] Loaded plugin: wifi
[2026-08-04 14:09:28] [INFO] Plugin loading completed (45 plugins loaded).
[2026-08-04 14:15:28] [INFO] Loaded plugin: about
[2026-08-04 14:15:28] [INFO] Loaded plugin: apps
[2026-08-04 14:15:28] [INFO] Loaded plugin: battery
[2026-08-04 14:15:28] [INFO] Loaded plugin: calc
[2026-08-04 14:15:28] [INFO] Loaded plugin: capabilities
[2026-08-04 14:15:28] [INFO] Loaded plugin: clipboard
[2026-08-04 14:15:28] [INFO] Loaded plugin: control
[2026-08-04 14:15:28] [INFO] Loaded plugin: dashboard
[2026-08-04 14:15:28] [INFO] Loaded plugin: date
[2026-08-04 14:15:28] [INFO] Loaded plugin: device
[2026-08-04 14:15:28] [INFO] Loaded plugin: doctor
[2026-08-04 14:15:28] [INFO] Loaded plugin: health
[2026-08-04 14:15:28] [INFO] Loaded plugin: help
[2026-08-04 14:15:28] [INFO] Loaded plugin: history
[2026-08-04 14:15:28] [INFO] Loaded plugin: home
[2026-08-04 14:15:28] [INFO] Loaded plugin: jarvis
[2026-08-04 14:15:28] [INFO] Loaded plugin: listen
[2026-08-04 14:15:28] [INFO] Loaded plugin: location
[2026-08-04 14:15:28] [INFO] Loaded plugin: logs
[2026-08-04 14:15:28] [INFO] Loaded plugin: mission
[2026-08-04 14:15:28] [INFO] Loaded plugin: music
[2026-08-04 14:15:28] [INFO] Loaded plugin: notes
[2026-08-04 14:15:28] [INFO] Loaded plugin: notify
[2026-08-04 14:15:28] [INFO] Loaded plugin: open
[2026-08-04 14:15:28] [INFO] Loaded plugin: photo
[2026-08-04 14:15:28] [INFO] Loaded plugin: plugins
[2026-08-04 14:15:28] [INFO] Loaded plugin: recall
[2026-08-04 14:15:28] [INFO] Loaded plugin: remember
[2026-08-04 14:15:28] [INFO] Loaded plugin: restart
[2026-08-04 14:15:28] [INFO] Loaded plugin: schedule
[2026-08-04 14:15:28] [INFO] Loaded plugin: sensors
[2026-08-04 14:15:28] [INFO] Loaded plugin: settings
[2026-08-04 14:15:28] [INFO] Loaded plugin: share
[2026-08-04 14:15:28] [INFO] Loaded plugin: speak
[2026-08-04 14:15:28] [INFO] Loaded plugin: status
[2026-08-04 14:15:28] [INFO] Loaded plugin: sysinfo
[2026-08-04 14:15:28] [INFO] Loaded plugin: system
[2026-08-04 14:15:28] [INFO] Loaded plugin: tasks
[2026-08-04 14:15:28] [INFO] Loaded plugin: time
[2026-08-04 14:15:28] [INFO] Loaded plugin: torch
[2026-08-04 14:15:28] [INFO] Loaded plugin: update
[2026-08-04 14:15:28] [INFO] Loaded plugin: version
[2026-08-04 14:15:28] [INFO] Loaded plugin: vibrate
[2026-08-04 14:15:28] [INFO] Loaded plugin: volume
[2026-08-04 14:15:28] [INFO] Loaded plugin: wifi
[2026-08-04 14:15:28] [INFO] Plugin loading completed (45 plugins loaded).
[2026-08-04 14:16:01] [INFO] Loaded plugin: about
[2026-08-04 14:16:01] [INFO] Loaded plugin: apps
[2026-08-04 14:16:01] [INFO] Loaded plugin: battery
[2026-08-04 14:16:01] [INFO] Loaded plugin: calc
[2026-08-04 14:16:01] [INFO] Loaded plugin: capabilities
[2026-08-04 14:16:01] [INFO] Loaded plugin: clipboard
[2026-08-04 14:16:01] [INFO] Loaded plugin: control
[2026-08-04 14:16:01] [INFO] Loaded plugin: dashboard
[2026-08-04 14:16:01] [INFO] Loaded plugin: date
[2026-08-04 14:16:01] [INFO] Loaded plugin: device
[2026-08-04 14:16:01] [INFO] Loaded plugin: doctor
[2026-08-04 14:16:01] [INFO] Loaded plugin: health
[2026-08-04 14:16:01] [INFO] Loaded plugin: help
[2026-08-04 14:16:01] [INFO] Loaded plugin: history
[2026-08-04 14:16:01] [INFO] Loaded plugin: home
[2026-08-04 14:16:01] [INFO] Loaded plugin: jarvis
[2026-08-04 14:16:01] [INFO] Loaded plugin: listen
[2026-08-04 14:16:01] [INFO] Loaded plugin: location
[2026-08-04 14:16:01] [INFO] Loaded plugin: logs
[2026-08-04 14:16:01] [INFO] Loaded plugin: mission
[2026-08-04 14:16:01] [INFO] Loaded plugin: music
[2026-08-04 14:16:01] [INFO] Loaded plugin: notes
[2026-08-04 14:16:01] [INFO] Loaded plugin: notify
[2026-08-04 14:16:01] [INFO] Loaded plugin: open
[2026-08-04 14:16:01] [INFO] Loaded plugin: photo
[2026-08-04 14:16:01] [INFO] Loaded plugin: plugins
[2026-08-04 14:16:01] [INFO] Loaded plugin: recall
[2026-08-04 14:16:01] [INFO] Loaded plugin: remember
[2026-08-04 14:16:01] [INFO] Loaded plugin: restart
[2026-08-04 14:16:01] [INFO] Loaded plugin: schedule
[2026-08-04 14:16:01] [INFO] Loaded plugin: sensors
[2026-08-04 14:16:01] [INFO] Loaded plugin: settings
[2026-08-04 14:16:01] [INFO] Loaded plugin: share
[2026-08-04 14:16:01] [INFO] Loaded plugin: speak
[2026-08-04 14:16:01] [INFO] Loaded plugin: status
[2026-08-04 14:16:01] [INFO] Loaded plugin: sysinfo
[2026-08-04 14:16:01] [INFO] Loaded plugin: system
[2026-08-04 14:16:01] [INFO] Loaded plugin: tasks
[2026-08-04 14:16:01] [INFO] Loaded plugin: time
[2026-08-04 14:16:01] [INFO] Loaded plugin: torch
[2026-08-04 14:16:01] [INFO] Loaded plugin: update
[2026-08-04 14:16:01] [INFO] Loaded plugin: version
[2026-08-04 14:16:01] [INFO] Loaded plugin: vibrate
[2026-08-04 14:16:01] [INFO] Loaded plugin: volume
[2026-08-04 14:16:01] [INFO] Loaded plugin: wifi
[2026-08-04 14:16:01] [INFO] Plugin loading completed (45 plugins loaded).
[2026-08-04 14:17:34] [INFO] Loaded plugin: about
[2026-08-04 14:17:34] [INFO] Loaded plugin: apps
[2026-08-04 14:17:34] [INFO] Loaded plugin: battery
[2026-08-04 14:17:34] [INFO] Loaded plugin: calc
[2026-08-04 14:17:34] [INFO] Loaded plugin: capabilities
[2026-08-04 14:17:34] [INFO] Loaded plugin: clipboard
[2026-08-04 14:17:34] [INFO] Loaded plugin: control
[2026-08-04 14:17:34] [INFO] Loaded plugin: dashboard
[2026-08-04 14:17:34] [INFO] Loaded plugin: date
[2026-08-04 14:17:34] [INFO] Loaded plugin: device
[2026-08-04 14:17:34] [INFO] Loaded plugin: doctor
[2026-08-04 14:17:34] [INFO] Loaded plugin: health
[2026-08-04 14:17:34] [INFO] Loaded plugin: help
[2026-08-04 14:17:34] [INFO] Loaded plugin: history
[2026-08-04 14:17:34] [INFO] Loaded plugin: home
[2026-08-04 14:17:34] [INFO] Loaded plugin: jarvis
[2026-08-04 14:17:34] [INFO] Loaded plugin: listen
[2026-08-04 14:17:34] [INFO] Loaded plugin: location
[2026-08-04 14:17:34] [INFO] Loaded plugin: logs
[2026-08-04 14:17:34] [INFO] Loaded plugin: mission
[2026-08-04 14:17:34] [INFO] Loaded plugin: music
[2026-08-04 14:17:34] [INFO] Loaded plugin: notes
[2026-08-04 14:17:34] [INFO] Loaded plugin: notify
[2026-08-04 14:17:34] [INFO] Loaded plugin: open
[2026-08-04 14:17:34] [INFO] Loaded plugin: photo
[2026-08-04 14:17:34] [INFO] Loaded plugin: plugins
[2026-08-04 14:17:34] [INFO] Loaded plugin: recall
[2026-08-04 14:17:34] [INFO] Loaded plugin: remember
[2026-08-04 14:17:34] [INFO] Loaded plugin: restart
[2026-08-04 14:17:34] [INFO] Loaded plugin: schedule
[2026-08-04 14:17:34] [INFO] Loaded plugin: sensors
[2026-08-04 14:17:34] [INFO] Loaded plugin: settings
[2026-08-04 14:17:34] [INFO] Loaded plugin: share
[2026-08-04 14:17:34] [INFO] Loaded plugin: speak
[2026-08-04 14:17:34] [INFO] Loaded plugin: status
[2026-08-04 14:17:34] [INFO] Loaded plugin: sysinfo
[2026-08-04 14:17:34] [INFO] Loaded plugin: system
[2026-08-04 14:17:34] [INFO] Loaded plugin: tasks
[2026-08-04 14:17:34] [INFO] Loaded plugin: time
[2026-08-04 14:17:34] [INFO] Loaded plugin: torch
[2026-08-04 14:17:34] [INFO] Loaded plugin: update
[2026-08-04 14:17:34] [INFO] Loaded plugin: version
[2026-08-04 14:17:34] [INFO] Loaded plugin: vibrate
[2026-08-04 14:17:34] [INFO] Loaded plugin: volume
[2026-08-04 14:17:34] [INFO] Loaded plugin: wifi
[2026-08-04 14:17:34] [INFO] Plugin loading completed (45 plugins loaded).
[2026-08-04 14:17:37] [INFO] Command: wifi
[2026-08-04 14:18:30] [INFO] Command: exit
[2026-08-04 14:23:56] [INFO] Loaded plugin: about
[2026-08-04 14:23:56] [INFO] Loaded plugin: apps
[2026-08-04 14:23:56] [INFO] Loaded plugin: battery
[2026-08-04 14:23:56] [INFO] Loaded plugin: calc
[2026-08-04 14:23:56] [INFO] Loaded plugin: capabilities
[2026-08-04 14:23:56] [INFO] Loaded plugin: clipboard
[2026-08-04 14:23:56] [INFO] Loaded plugin: control
[2026-08-04 14:23:56] [INFO] Loaded plugin: dashboard
[2026-08-04 14:23:56] [INFO] Loaded plugin: date
[2026-08-04 14:23:56] [INFO] Loaded plugin: device
[2026-08-04 14:23:56] [INFO] Loaded plugin: doctor
[2026-08-04 14:23:56] [INFO] Loaded plugin: health
[2026-08-04 14:23:56] [INFO] Loaded plugin: help
[2026-08-04 14:23:56] [INFO] Loaded plugin: history
[2026-08-04 14:23:56] [INFO] Loaded plugin: home
[2026-08-04 14:23:56] [INFO] Loaded plugin: jarvis
[2026-08-04 14:23:56] [INFO] Loaded plugin: listen
[2026-08-04 14:23:56] [INFO] Loaded plugin: location
[2026-08-04 14:23:56] [INFO] Loaded plugin: logs
[2026-08-04 14:23:56] [INFO] Loaded plugin: mission
[2026-08-04 14:23:56] [INFO] Loaded plugin: music
[2026-08-04 14:23:56] [INFO] Loaded plugin: notes
[2026-08-04 14:23:56] [INFO] Loaded plugin: notify
[2026-08-04 14:23:56] [INFO] Loaded plugin: open
[2026-08-04 14:23:56] [INFO] Loaded plugin: photo
[2026-08-04 14:23:56] [INFO] Loaded plugin: plugins
[2026-08-04 14:23:56] [INFO] Loaded plugin: recall
[2026-08-04 14:23:56] [INFO] Loaded plugin: remember
[2026-08-04 14:23:56] [INFO] Loaded plugin: restart
[2026-08-04 14:23:56] [INFO] Loaded plugin: schedule
[2026-08-04 14:23:56] [INFO] Loaded plugin: sensors
[2026-08-04 14:23:56] [INFO] Loaded plugin: settings
[2026-08-04 14:23:56] [INFO] Loaded plugin: share
[2026-08-04 14:23:56] [INFO] Loaded plugin: speak
[2026-08-04 14:23:56] [INFO] Loaded plugin: status
[2026-08-04 14:23:56] [INFO] Loaded plugin: sysinfo
[2026-08-04 14:23:56] [INFO] Loaded plugin: system
[2026-08-04 14:23:56] [INFO] Loaded plugin: tasks
[2026-08-04 14:23:56] [INFO] Loaded plugin: time
[2026-08-04 14:23:56] [INFO] Loaded plugin: torch
[2026-08-04 14:23:56] [INFO] Loaded plugin: update
[2026-08-04 14:23:56] [INFO] Loaded plugin: upgrade
[2026-08-04 14:23:56] [INFO] Loaded plugin: version
[2026-08-04 14:23:56] [INFO] Loaded plugin: vibrate
[2026-08-04 14:23:56] [INFO] Loaded plugin: volume
[2026-08-04 14:23:56] [INFO] Loaded plugin: wifi
[2026-08-04 14:23:56] [INFO] Plugin loading completed (46 plugins loaded).
[2026-08-04 14:24:01] [INFO] Command: upgrade
[2026-08-04 14:24:16] [INFO] Command: mkdir -p backups
[2026-08-04 14:24:19] [INFO] Command: exit
[2026-08-04 14:25:49] [INFO] Loaded plugin: about
[2026-08-04 14:25:49] [INFO] Loaded plugin: apps
[2026-08-04 14:25:49] [INFO] Loaded plugin: battery
[2026-08-04 14:25:49] [INFO] Loaded plugin: calc
[2026-08-04 14:25:49] [INFO] Loaded plugin: capabilities
[2026-08-04 14:25:49] [INFO] Loaded plugin: clipboard
[2026-08-04 14:25:49] [INFO] Loaded plugin: control
[2026-08-04 14:25:49] [INFO] Loaded plugin: dashboard
[2026-08-04 14:25:49] [INFO] Loaded plugin: date
[2026-08-04 14:25:49] [INFO] Loaded plugin: device
[2026-08-04 14:25:49] [INFO] Loaded plugin: doctor
[2026-08-04 14:25:49] [INFO] Loaded plugin: health
[2026-08-04 14:25:49] [INFO] Loaded plugin: help
[2026-08-04 14:25:49] [INFO] Loaded plugin: history
[2026-08-04 14:25:49] [INFO] Loaded plugin: home
[2026-08-04 14:25:49] [INFO] Loaded plugin: jarvis
[2026-08-04 14:25:49] [INFO] Loaded plugin: listen
[2026-08-04 14:25:49] [INFO] Loaded plugin: location
[2026-08-04 14:25:49] [INFO] Loaded plugin: logs
[2026-08-04 14:25:49] [INFO] Loaded plugin: mission
[2026-08-04 14:25:49] [INFO] Loaded plugin: music
[2026-08-04 14:25:49] [INFO] Loaded plugin: notes
[2026-08-04 14:25:49] [INFO] Loaded plugin: notify
[2026-08-04 14:25:49] [INFO] Loaded plugin: open
[2026-08-04 14:25:49] [INFO] Loaded plugin: photo
[2026-08-04 14:25:49] [INFO] Loaded plugin: plugins
[2026-08-04 14:25:49] [INFO] Loaded plugin: recall
[2026-08-04 14:25:49] [INFO] Loaded plugin: remember
[2026-08-04 14:25:49] [INFO] Loaded plugin: restart
[2026-08-04 14:25:49] [INFO] Loaded plugin: schedule
[2026-08-04 14:25:49] [INFO] Loaded plugin: sensors
[2026-08-04 14:25:49] [INFO] Loaded plugin: settings
[2026-08-04 14:25:49] [INFO] Loaded plugin: share
[2026-08-04 14:25:49] [INFO] Loaded plugin: speak
[2026-08-04 14:25:49] [INFO] Loaded plugin: status
[2026-08-04 14:25:49] [INFO] Loaded plugin: sysinfo
[2026-08-04 14:25:49] [INFO] Loaded plugin: system
[2026-08-04 14:25:49] [INFO] Loaded plugin: tasks
[2026-08-04 14:25:49] [INFO] Loaded plugin: time
[2026-08-04 14:25:49] [INFO] Loaded plugin: torch
[2026-08-04 14:25:49] [INFO] Loaded plugin: update
[2026-08-04 14:25:49] [INFO] Loaded plugin: upgrade
[2026-08-04 14:25:49] [INFO] Loaded plugin: version
[2026-08-04 14:25:49] [INFO] Loaded plugin: vibrate
[2026-08-04 14:25:49] [INFO] Loaded plugin: volume
[2026-08-04 14:25:49] [INFO] Loaded plugin: wifi
[2026-08-04 14:25:49] [INFO] Plugin loading completed (46 plugins loaded).
[2026-08-04 14:25:52] [INFO] Command: help
[2026-08-04 14:26:08] [INFO] Command: wifi
[2026-08-04 14:26:16] [INFO] Command: jarvis
[2026-08-04 14:26:55] [INFO] Loaded plugin: about
[2026-08-04 14:26:55] [INFO] Loaded plugin: apps
[2026-08-04 14:26:55] [INFO] Loaded plugin: battery
[2026-08-04 14:26:55] [INFO] Loaded plugin: calc
[2026-08-04 14:26:55] [INFO] Loaded plugin: capabilities
[2026-08-04 14:26:55] [INFO] Loaded plugin: clipboard
[2026-08-04 14:26:55] [INFO] Loaded plugin: control
[2026-08-04 14:26:55] [INFO] Loaded plugin: dashboard
[2026-08-04 14:26:55] [INFO] Loaded plugin: date
[2026-08-04 14:26:55] [INFO] Loaded plugin: device
[2026-08-04 14:26:55] [INFO] Loaded plugin: doctor
[2026-08-04 14:26:55] [INFO] Loaded plugin: health
[2026-08-04 14:26:55] [INFO] Loaded plugin: help
[2026-08-04 14:26:55] [INFO] Loaded plugin: history
[2026-08-04 14:26:55] [INFO] Loaded plugin: home
[2026-08-04 14:26:55] [INFO] Loaded plugin: jarvis
[2026-08-04 14:26:55] [INFO] Loaded plugin: listen
[2026-08-04 14:26:55] [INFO] Loaded plugin: location
[2026-08-04 14:26:55] [INFO] Loaded plugin: logs
[2026-08-04 14:26:55] [INFO] Loaded plugin: mission
[2026-08-04 14:26:55] [INFO] Loaded plugin: music
[2026-08-04 14:26:55] [INFO] Loaded plugin: notes
[2026-08-04 14:26:55] [INFO] Loaded plugin: notify
[2026-08-04 14:26:55] [INFO] Loaded plugin: open
[2026-08-04 14:26:55] [INFO] Loaded plugin: photo
[2026-08-04 14:26:55] [INFO] Loaded plugin: plugins
[2026-08-04 14:26:55] [INFO] Loaded plugin: recall
[2026-08-04 14:26:55] [INFO] Loaded plugin: remember
[2026-08-04 14:26:55] [INFO] Loaded plugin: restart
[2026-08-04 14:26:55] [INFO] Loaded plugin: schedule
[2026-08-04 14:26:55] [INFO] Loaded plugin: sensors
[2026-08-04 14:26:55] [INFO] Loaded plugin: settings
[2026-08-04 14:26:55] [INFO] Loaded plugin: share
[2026-08-04 14:26:55] [INFO] Loaded plugin: speak
[2026-08-04 14:26:55] [INFO] Loaded plugin: status
[2026-08-04 14:26:55] [INFO] Loaded plugin: sysinfo
[2026-08-04 14:26:55] [INFO] Loaded plugin: system
[2026-08-04 14:26:55] [INFO] Loaded plugin: tasks
[2026-08-04 14:26:55] [INFO] Loaded plugin: time
[2026-08-04 14:26:55] [INFO] Loaded plugin: torch
[2026-08-04 14:26:55] [INFO] Loaded plugin: update
[2026-08-04 14:26:55] [INFO] Loaded plugin: upgrade
[2026-08-04 14:26:55] [INFO] Loaded plugin: version
[2026-08-04 14:26:55] [INFO] Loaded plugin: vibrate
[2026-08-04 14:26:55] [INFO] Loaded plugin: volume
[2026-08-04 14:26:55] [INFO] Loaded plugin: wifi
[2026-08-04 14:26:55] [INFO] Plugin loading completed (46 plugins loaded).
[2026-08-04 14:26:58] [INFO] Command: jarvis
[2026-08-04 14:28:07] [INFO] Loaded plugin: about
[2026-08-04 14:28:07] [INFO] Loaded plugin: apps
[2026-08-04 14:28:07] [INFO] Loaded plugin: battery
[2026-08-04 14:28:07] [INFO] Loaded plugin: calc
[2026-08-04 14:28:07] [INFO] Loaded plugin: capabilities
[2026-08-04 14:28:07] [INFO] Loaded plugin: clipboard
[2026-08-04 14:28:07] [INFO] Loaded plugin: control
[2026-08-04 14:28:07] [INFO] Loaded plugin: dashboard
[2026-08-04 14:28:07] [INFO] Loaded plugin: date
[2026-08-04 14:28:07] [INFO] Loaded plugin: device
[2026-08-04 14:28:07] [INFO] Loaded plugin: doctor
[2026-08-04 14:28:07] [INFO] Loaded plugin: health
[2026-08-04 14:28:07] [INFO] Loaded plugin: help
[2026-08-04 14:28:07] [INFO] Loaded plugin: history
[2026-08-04 14:28:07] [INFO] Loaded plugin: home
[2026-08-04 14:28:07] [INFO] Loaded plugin: jarvis
[2026-08-04 14:28:07] [INFO] Loaded plugin: listen
[2026-08-04 14:28:07] [INFO] Loaded plugin: location
[2026-08-04 14:28:07] [INFO] Loaded plugin: logs
[2026-08-04 14:28:07] [INFO] Loaded plugin: mission
[2026-08-04 14:28:07] [INFO] Loaded plugin: music
[2026-08-04 14:28:07] [INFO] Loaded plugin: notes
[2026-08-04 14:28:07] [INFO] Loaded plugin: notify
[2026-08-04 14:28:07] [INFO] Loaded plugin: open
[2026-08-04 14:28:07] [INFO] Loaded plugin: photo
[2026-08-04 14:28:07] [INFO] Loaded plugin: plugins
[2026-08-04 14:28:07] [INFO] Loaded plugin: recall
[2026-08-04 14:28:07] [INFO] Loaded plugin: remember
[2026-08-04 14:28:07] [INFO] Loaded plugin: restart
[2026-08-04 14:28:07] [INFO] Loaded plugin: schedule
[2026-08-04 14:28:07] [INFO] Loaded plugin: sensors
[2026-08-04 14:28:07] [INFO] Loaded plugin: settings
[2026-08-04 14:28:07] [INFO] Loaded plugin: share
[2026-08-04 14:28:07] [INFO] Loaded plugin: speak
[2026-08-04 14:28:07] [INFO] Loaded plugin: status
[2026-08-04 14:28:07] [INFO] Loaded plugin: sysinfo
[2026-08-04 14:28:07] [INFO] Loaded plugin: system
[2026-08-04 14:28:07] [INFO] Loaded plugin: tasks
[2026-08-04 14:28:07] [INFO] Loaded plugin: time
[2026-08-04 14:28:07] [INFO] Loaded plugin: torch
[2026-08-04 14:28:07] [INFO] Loaded plugin: update
[2026-08-04 14:28:07] [INFO] Loaded plugin: upgrade
[2026-08-04 14:28:07] [INFO] Loaded plugin: version
[2026-08-04 14:28:07] [INFO] Loaded plugin: vibrate
[2026-08-04 14:28:07] [INFO] Loaded plugin: volume
[2026-08-04 14:28:07] [INFO] Loaded plugin: wifi
[2026-08-04 14:28:07] [INFO] Plugin loading completed (46 plugins loaded).
[2026-08-04 14:28:10] [INFO] Command: help
[2026-08-04 14:28:18] [INFO] Command: settings
[2026-08-04 14:28:24] [INFO] Command: open settings
[2026-08-04 14:28:31] [INFO] Command: ooen chrome
[2026-08-04 14:28:39] [INFO] Command: open chrome
[2026-08-04 14:28:56] [INFO] Command: open
[2026-08-04 14:29:01] [INFO] Command: open google
[2026-08-04 14:29:08] [INFO] Command: open google.com
[2026-08-04 14:29:22] [INFO] Command: music
[2026-08-04 14:29:32] [INFO] Command: misic play
[2026-08-04 14:29:39] [INFO] Command: music play
[2026-08-04 14:30:11] [INFO] Command: music info
[2026-08-04 14:30:21] [INFO] Command: music stop
[2026-08-04 14:30:36] [INFO] Command: help
[2026-08-04 14:30:45] [INFO] Command: location
[2026-08-04 14:31:43] [INFO] Command: exit
[2026-08-04 14:33:30] [INFO] Loaded plugin: about
[2026-08-04 14:33:30] [INFO] Loaded plugin: apps
[2026-08-04 14:33:30] [INFO] Loaded plugin: battery
[2026-08-04 14:33:30] [INFO] Loaded plugin: calc
[2026-08-04 14:33:30] [INFO] Loaded plugin: capabilities
[2026-08-04 14:33:30] [INFO] Loaded plugin: clipboard
[2026-08-04 14:33:30] [INFO] Loaded plugin: control
[2026-08-04 14:33:30] [INFO] Loaded plugin: dashboard
[2026-08-04 14:33:30] [INFO] Loaded plugin: date
[2026-08-04 14:33:30] [INFO] Loaded plugin: device
[2026-08-04 14:33:30] [INFO] Loaded plugin: doctor
[2026-08-04 14:33:30] [INFO] Loaded plugin: health
[2026-08-04 14:33:30] [INFO] Loaded plugin: help
[2026-08-04 14:33:30] [INFO] Loaded plugin: history
[2026-08-04 14:33:30] [INFO] Loaded plugin: home
[2026-08-04 14:33:30] [INFO] Loaded plugin: jarvis
[2026-08-04 14:33:30] [INFO] Loaded plugin: listen
[2026-08-04 14:33:30] [INFO] Loaded plugin: location
[2026-08-04 14:33:30] [INFO] Loaded plugin: logs
[2026-08-04 14:33:30] [INFO] Loaded plugin: mission
[2026-08-04 14:33:30] [INFO] Loaded plugin: music
[2026-08-04 14:33:30] [INFO] Loaded plugin: notes
[2026-08-04 14:33:30] [INFO] Loaded plugin: notify
[2026-08-04 14:33:30] [INFO] Loaded plugin: open
[2026-08-04 14:33:30] [INFO] Loaded plugin: photo
[2026-08-04 14:33:30] [INFO] Loaded plugin: plugins
[2026-08-04 14:33:30] [INFO] Loaded plugin: recall
[2026-08-04 14:33:30] [INFO] Loaded plugin: remember
[2026-08-04 14:33:30] [INFO] Loaded plugin: restart
[2026-08-04 14:33:30] [INFO] Loaded plugin: schedule
[2026-08-04 14:33:30] [INFO] Loaded plugin: sensors
[2026-08-04 14:33:30] [INFO] Loaded plugin: settings
[2026-08-04 14:33:30] [INFO] Loaded plugin: share
[2026-08-04 14:33:30] [INFO] Loaded plugin: speak
[2026-08-04 14:33:30] [INFO] Loaded plugin: status
[2026-08-04 14:33:30] [INFO] Loaded plugin: sysinfo
[2026-08-04 14:33:30] [INFO] Loaded plugin: system
[2026-08-04 14:33:30] [INFO] Loaded plugin: tasks
[2026-08-04 14:33:30] [INFO] Loaded plugin: time
[2026-08-04 14:33:30] [INFO] Loaded plugin: torch
[2026-08-04 14:33:30] [INFO] Loaded plugin: update
[2026-08-04 14:33:30] [INFO] Loaded plugin: upgrade
[2026-08-04 14:33:30] [INFO] Loaded plugin: version
[2026-08-04 14:33:30] [INFO] Loaded plugin: vibrate
[2026-08-04 14:33:30] [INFO] Loaded plugin: volume
[2026-08-04 14:33:30] [INFO] Loaded plugin: wifi
[2026-08-04 14:33:30] [INFO] Plugin loading completed (46 plugins loaded).
[2026-08-04 14:33:37] [INFO] Command: jarvis
[2026-08-04 14:37:04] [INFO] Loaded plugin: about
[2026-08-04 14:37:04] [INFO] Loaded plugin: apps
[2026-08-04 14:37:04] [INFO] Loaded plugin: battery
[2026-08-04 14:37:04] [INFO] Loaded plugin: calc
[2026-08-04 14:37:04] [INFO] Loaded plugin: capabilities
[2026-08-04 14:37:04] [INFO] Loaded plugin: clipboard
[2026-08-04 14:37:04] [INFO] Loaded plugin: control
[2026-08-04 14:37:04] [INFO] Loaded plugin: dashboard
[2026-08-04 14:37:04] [INFO] Loaded plugin: date
[2026-08-04 14:37:04] [INFO] Loaded plugin: device
[2026-08-04 14:37:04] [INFO] Loaded plugin: doctor
[2026-08-04 14:37:04] [INFO] Loaded plugin: health
[2026-08-04 14:37:04] [INFO] Loaded plugin: help
[2026-08-04 14:37:04] [INFO] Loaded plugin: history
[2026-08-04 14:37:04] [INFO] Loaded plugin: home
[2026-08-04 14:37:04] [INFO] Loaded plugin: jarvis
[2026-08-04 14:37:04] [INFO] Loaded plugin: listen
[2026-08-04 14:37:04] [INFO] Loaded plugin: location
[2026-08-04 14:37:04] [INFO] Loaded plugin: logs
[2026-08-04 14:37:04] [INFO] Loaded plugin: mission
[2026-08-04 14:37:04] [INFO] Loaded plugin: music
[2026-08-04 14:37:04] [INFO] Loaded plugin: notes
[2026-08-04 14:37:04] [INFO] Loaded plugin: notify
[2026-08-04 14:37:04] [INFO] Loaded plugin: open
[2026-08-04 14:37:04] [INFO] Loaded plugin: photo
[2026-08-04 14:37:04] [INFO] Loaded plugin: plugins
[2026-08-04 14:37:04] [INFO] Loaded plugin: recall
[2026-08-04 14:37:04] [INFO] Loaded plugin: remember
[2026-08-04 14:37:04] [INFO] Loaded plugin: restart
[2026-08-04 14:37:04] [INFO] Loaded plugin: schedule
[2026-08-04 14:37:04] [INFO] Loaded plugin: sensors
[2026-08-04 14:37:04] [INFO] Loaded plugin: settings
[2026-08-04 14:37:04] [INFO] Loaded plugin: share
[2026-08-04 14:37:04] [INFO] Loaded plugin: speak
[2026-08-04 14:37:04] [INFO] Loaded plugin: status
[2026-08-04 14:37:04] [INFO] Loaded plugin: sysinfo
[2026-08-04 14:37:04] [INFO] Loaded plugin: system
[2026-08-04 14:37:04] [INFO] Loaded plugin: tasks
[2026-08-04 14:37:04] [INFO] Loaded plugin: time
[2026-08-04 14:37:04] [INFO] Loaded plugin: torch
[2026-08-04 14:37:04] [INFO] Loaded plugin: update
[2026-08-04 14:37:04] [INFO] Loaded plugin: upgrade
[2026-08-04 14:37:04] [INFO] Loaded plugin: version
[2026-08-04 14:37:04] [INFO] Loaded plugin: vibrate
[2026-08-04 14:37:04] [INFO] Loaded plugin: volume
[2026-08-04 14:37:04] [INFO] Loaded plugin: wifi
[2026-08-04 14:37:04] [INFO] Plugin loading completed (46 plugins loaded).
[2026-08-04 14:37:10] [INFO] Command: listen
[2026-08-04 14:37:22] [INFO] Command: jarvis
[2026-08-04 14:38:10] [INFO] Loaded plugin: about
[2026-08-04 14:38:10] [INFO] Loaded plugin: apps
[2026-08-04 14:38:10] [INFO] Loaded plugin: battery
[2026-08-04 14:38:10] [INFO] Loaded plugin: calc
[2026-08-04 14:38:10] [INFO] Loaded plugin: capabilities
[2026-08-04 14:38:10] [INFO] Loaded plugin: clipboard
[2026-08-04 14:38:10] [INFO] Loaded plugin: control
[2026-08-04 14:38:10] [INFO] Loaded plugin: dashboard
[2026-08-04 14:38:10] [INFO] Loaded plugin: date
[2026-08-04 14:38:10] [INFO] Loaded plugin: device
[2026-08-04 14:38:10] [INFO] Loaded plugin: doctor
[2026-08-04 14:38:10] [INFO] Loaded plugin: health
[2026-08-04 14:38:10] [INFO] Loaded plugin: help
[2026-08-04 14:38:10] [INFO] Loaded plugin: history
[2026-08-04 14:38:10] [INFO] Loaded plugin: home
[2026-08-04 14:38:10] [INFO] Loaded plugin: jarvis
[2026-08-04 14:38:10] [INFO] Loaded plugin: listen
[2026-08-04 14:38:10] [INFO] Loaded plugin: location
[2026-08-04 14:38:10] [INFO] Loaded plugin: logs
[2026-08-04 14:38:10] [INFO] Loaded plugin: mission
[2026-08-04 14:38:10] [INFO] Loaded plugin: music
[2026-08-04 14:38:10] [INFO] Loaded plugin: notes
[2026-08-04 14:38:10] [INFO] Loaded plugin: notify
[2026-08-04 14:38:10] [INFO] Loaded plugin: open
[2026-08-04 14:38:10] [INFO] Loaded plugin: photo
[2026-08-04 14:38:10] [INFO] Loaded plugin: plugins
[2026-08-04 14:38:10] [INFO] Loaded plugin: recall
[2026-08-04 14:38:10] [INFO] Loaded plugin: remember
[2026-08-04 14:38:10] [INFO] Loaded plugin: restart
[2026-08-04 14:38:10] [INFO] Loaded plugin: schedule
[2026-08-04 14:38:10] [INFO] Loaded plugin: sensors
[2026-08-04 14:38:10] [INFO] Loaded plugin: settings
[2026-08-04 14:38:10] [INFO] Loaded plugin: share
[2026-08-04 14:38:10] [INFO] Loaded plugin: speak
[2026-08-04 14:38:10] [INFO] Loaded plugin: status
[2026-08-04 14:38:10] [INFO] Loaded plugin: sysinfo
[2026-08-04 14:38:10] [INFO] Loaded plugin: system
[2026-08-04 14:38:10] [INFO] Loaded plugin: tasks
[2026-08-04 14:38:10] [INFO] Loaded plugin: time
[2026-08-04 14:38:10] [INFO] Loaded plugin: torch
[2026-08-04 14:38:10] [INFO] Loaded plugin: update
[2026-08-04 14:38:10] [INFO] Loaded plugin: upgrade
[2026-08-04 14:38:10] [INFO] Loaded plugin: version
[2026-08-04 14:38:10] [INFO] Loaded plugin: vibrate
[2026-08-04 14:38:10] [INFO] Loaded plugin: volume
[2026-08-04 14:38:10] [INFO] Loaded plugin: wifi
[2026-08-04 14:38:10] [INFO] Plugin loading completed (46 plugins loaded).
[2026-08-04 14:38:16] [INFO] Command: dashboard
[2026-08-04 14:38:49] [INFO] Command: jarvis
[2026-08-04 14:39:45] [INFO] Command: help
[2026-08-04 14:39:55] [INFO] Command: volume 15
[2026-08-04 14:40:02] [INFO] Command: volume
[2026-08-04 14:41:09] [INFO] Command: volume 98
[2026-08-04 14:41:16] [INFO] Command: volume 15
[2026-08-04 14:41:26] [INFO] Command: volume 22
[2026-08-04 14:41:30] [INFO] Command: volume 0
[2026-08-04 14:41:51] [INFO] Command: volume -2
[2026-08-04 14:42:07] [INFO] Command: volume music 100
[2026-08-04 14:42:14] [INFO] Command: volume 100
[2026-08-04 14:44:49] [INFO] Command: help
[2026-08-04 14:44:55] [INFO] Command: tasks
[2026-08-04 14:45:05] [INFO] Command: share
[2026-08-04 14:45:23] [INFO] Command: share photo
[2026-08-04 14:45:31] [INFO] Command: share document
[2026-08-04 14:45:39] [INFO] Command: share image
[2026-08-04 14:45:45] [INFO] Command: share music
[2026-08-04 14:45:50] [INFO] Command: share doc
[2026-08-04 14:45:53] [INFO] Command: share file
[2026-08-04 14:46:10] [INFO] Command: capabilities
[2026-08-04 14:46:36] [INFO] Command: open bluetooth
[2026-08-04 14:46:48] [INFO] Command: open settings
[2026-08-04 14:46:54] [INFO] Command: open
[2026-08-04 14:47:07] [INFO] Command: open http://whatsapp.com
[2026-08-04 14:47:42] [INFO] Command: open http://kilimall.com
[2026-08-04 14:48:07] [INFO] Command: open messages
[2026-08-04 14:48:12] [INFO] Command: open message
[2026-08-04 14:48:27] [INFO] Command: mission
[2026-08-04 14:48:48] [INFO] Command: system
[2026-08-04 14:48:50] [INFO] Command: ls
[2026-08-04 14:48:58] [INFO] Command: date
[2026-08-04 14:49:01] [INFO] Command: day
[2026-08-04 14:49:07] [INFO] Command: time
[2026-08-04 14:49:15] [INFO] Command: time
[2026-08-04 14:49:26] [INFO] Command: time
[2026-08-04 14:49:31] [INFO] Command: time
[2026-08-04 14:49:34] [INFO] Command: time
[2026-08-04 14:49:38] [INFO] Command: time
[2026-08-04 14:49:41] [INFO] Command: time
[2026-08-04 14:49:43] [INFO] Command: time
[2026-08-04 14:49:45] [INFO] Command: time
[2026-08-04 14:49:46] [INFO] Command: time
[2026-08-04 14:49:48] [INFO] Command: time
[2026-08-04 14:49:49] [INFO] Command: time
[2026-08-04 14:49:51] [INFO] Command: time
[2026-08-04 14:49:53] [INFO] Command: time
[2026-08-04 14:49:55] [INFO] Command: time
[2026-08-04 14:49:57] [INFO] Command: time
[2026-08-04 14:49:58] [INFO] Command: tine
[2026-08-04 14:50:00] [INFO] Command: time
[2026-08-04 14:50:02] [INFO] Command: time
[2026-08-04 14:50:04] [INFO] Command: time
[2026-08-04 14:50:06] [INFO] Command: tine
[2026-08-04 14:50:08] [INFO] Command: time
[2026-08-04 14:50:09] [INFO] Command: time
[2026-08-04 14:50:17] [INFO] Command: clear
[2026-08-04 14:50:22] [INFO] Command: exit
[2026-08-04 14:50:34] [INFO] Loaded plugin: about
[2026-08-04 14:50:34] [INFO] Loaded plugin: apps
[2026-08-04 14:50:34] [INFO] Loaded plugin: battery
[2026-08-04 14:50:34] [INFO] Loaded plugin: calc
[2026-08-04 14:50:34] [INFO] Loaded plugin: capabilities
[2026-08-04 14:50:34] [INFO] Loaded plugin: clipboard
[2026-08-04 14:50:34] [INFO] Loaded plugin: control
[2026-08-04 14:50:34] [INFO] Loaded plugin: dashboard
[2026-08-04 14:50:34] [INFO] Loaded plugin: date
[2026-08-04 14:50:34] [INFO] Loaded plugin: device
[2026-08-04 14:50:34] [INFO] Loaded plugin: doctor
[2026-08-04 14:50:34] [INFO] Loaded plugin: health
[2026-08-04 14:50:34] [INFO] Loaded plugin: help
[2026-08-04 14:50:34] [INFO] Loaded plugin: history
[2026-08-04 14:50:34] [INFO] Loaded plugin: home
[2026-08-04 14:50:34] [INFO] Loaded plugin: jarvis
[2026-08-04 14:50:35] [INFO] Loaded plugin: listen
[2026-08-04 14:50:35] [INFO] Loaded plugin: location
[2026-08-04 14:50:35] [INFO] Loaded plugin: logs
[2026-08-04 14:50:35] [INFO] Loaded plugin: mission
[2026-08-04 14:50:35] [INFO] Loaded plugin: music
[2026-08-04 14:50:35] [INFO] Loaded plugin: notes
[2026-08-04 14:50:35] [INFO] Loaded plugin: notify
[2026-08-04 14:50:35] [INFO] Loaded plugin: open
[2026-08-04 14:50:35] [INFO] Loaded plugin: photo
[2026-08-04 14:50:35] [INFO] Loaded plugin: plugins
[2026-08-04 14:50:35] [INFO] Loaded plugin: recall
[2026-08-04 14:50:35] [INFO] Loaded plugin: remember
[2026-08-04 14:50:35] [INFO] Loaded plugin: restart
[2026-08-04 14:50:35] [INFO] Loaded plugin: schedule
[2026-08-04 14:50:35] [INFO] Loaded plugin: sensors
[2026-08-04 14:50:35] [INFO] Loaded plugin: settings
[2026-08-04 14:50:35] [INFO] Loaded plugin: share
[2026-08-04 14:50:35] [INFO] Loaded plugin: speak
[2026-08-04 14:50:35] [INFO] Loaded plugin: status
[2026-08-04 14:50:35] [INFO] Loaded plugin: sysinfo
[2026-08-04 14:50:35] [INFO] Loaded plugin: system
[2026-08-04 14:50:35] [INFO] Loaded plugin: tasks
[2026-08-04 14:50:35] [INFO] Loaded plugin: time
[2026-08-04 14:50:35] [INFO] Loaded plugin: torch
[2026-08-04 14:50:35] [INFO] Loaded plugin: update
[2026-08-04 14:50:35] [INFO] Loaded plugin: upgrade
[2026-08-04 14:50:35] [INFO] Loaded plugin: version
[2026-08-04 14:50:35] [INFO] Loaded plugin: vibrate
[2026-08-04 14:50:35] [INFO] Loaded plugin: volume
[2026-08-04 14:50:35] [INFO] Loaded plugin: wifi
[2026-08-04 14:50:35] [INFO] Plugin loading completed (46 plugins loaded).
[2026-08-04 14:50:42] [INFO] Command: stirage
[2026-08-04 14:50:47] [INFO] Command: storage
[2026-08-04 14:50:52] [INFO] Command: device
[2026-08-04 14:51:04] [INFO] Command: listen
[2026-08-04 14:51:23] [INFO] Command: listen
[2026-08-04 14:51:42] [INFO] Command: listen
[2026-08-04 14:51:55] [INFO] Command: listen
[2026-08-04 14:52:18] [INFO] Command: listen
[2026-08-04 14:52:41] [INFO] Command: listen
[2026-08-04 14:52:56] [INFO] Command: jarvis
[2026-08-04 14:53:25] [INFO] Loaded plugin: about
[2026-08-04 14:53:25] [INFO] Loaded plugin: apps
[2026-08-04 14:53:25] [INFO] Loaded plugin: battery
[2026-08-04 14:53:25] [INFO] Loaded plugin: calc
[2026-08-04 14:53:25] [INFO] Loaded plugin: capabilities
[2026-08-04 14:53:25] [INFO] Loaded plugin: clipboard
[2026-08-04 14:53:25] [INFO] Loaded plugin: control
[2026-08-04 14:53:25] [INFO] Loaded plugin: dashboard
[2026-08-04 14:53:25] [INFO] Loaded plugin: date
[2026-08-04 14:53:25] [INFO] Loaded plugin: device
[2026-08-04 14:53:25] [INFO] Loaded plugin: doctor
[2026-08-04 14:53:25] [INFO] Loaded plugin: health
[2026-08-04 14:53:25] [INFO] Loaded plugin: help
[2026-08-04 14:53:25] [INFO] Loaded plugin: history
[2026-08-04 14:53:25] [INFO] Loaded plugin: home
[2026-08-04 14:53:25] [INFO] Loaded plugin: jarvis
[2026-08-04 14:53:25] [INFO] Loaded plugin: listen
[2026-08-04 14:53:25] [INFO] Loaded plugin: location
[2026-08-04 14:53:25] [INFO] Loaded plugin: logs
[2026-08-04 14:53:25] [INFO] Loaded plugin: mission
[2026-08-04 14:53:25] [INFO] Loaded plugin: music
[2026-08-04 14:53:25] [INFO] Loaded plugin: notes
[2026-08-04 14:53:25] [INFO] Loaded plugin: notify
[2026-08-04 14:53:25] [INFO] Loaded plugin: open
[2026-08-04 14:53:25] [INFO] Loaded plugin: photo
[2026-08-04 14:53:25] [INFO] Loaded plugin: plugins
[2026-08-04 14:53:25] [INFO] Loaded plugin: recall
[2026-08-04 14:53:25] [INFO] Loaded plugin: remember
[2026-08-04 14:53:25] [INFO] Loaded plugin: restart
[2026-08-04 14:53:25] [INFO] Loaded plugin: schedule
[2026-08-04 14:53:25] [INFO] Loaded plugin: sensors
[2026-08-04 14:53:25] [INFO] Loaded plugin: settings
[2026-08-04 14:53:25] [INFO] Loaded plugin: share
[2026-08-04 14:53:25] [INFO] Loaded plugin: speak
[2026-08-04 14:53:25] [INFO] Loaded plugin: status
[2026-08-04 14:53:25] [INFO] Loaded plugin: sysinfo
[2026-08-04 14:53:25] [INFO] Loaded plugin: system
[2026-08-04 14:53:25] [INFO] Loaded plugin: tasks
[2026-08-04 14:53:25] [INFO] Loaded plugin: time
[2026-08-04 14:53:25] [INFO] Loaded plugin: torch
[2026-08-04 14:53:25] [INFO] Loaded plugin: update
[2026-08-04 14:53:25] [INFO] Loaded plugin: upgrade
[2026-08-04 14:53:25] [INFO] Loaded plugin: version
[2026-08-04 14:53:25] [INFO] Loaded plugin: vibrate
[2026-08-04 14:53:25] [INFO] Loaded plugin: volume
[2026-08-04 14:53:25] [INFO] Loaded plugin: wifi
[2026-08-04 14:53:25] [INFO] Plugin loading completed (46 plugins loaded).
[2026-08-04 14:53:28] [INFO] Command: jarvis
[2026-08-04 15:48:11] [INFO] Loaded plugin: about
[2026-08-04 15:48:11] [INFO] Loaded plugin: apps
[2026-08-04 15:48:11] [INFO] Loaded plugin: battery
[2026-08-04 15:48:11] [INFO] Loaded plugin: calc
[2026-08-04 15:48:11] [INFO] Loaded plugin: capabilities
[2026-08-04 15:48:11] [INFO] Loaded plugin: clipboard
[2026-08-04 15:48:11] [INFO] Loaded plugin: control
[2026-08-04 15:48:11] [INFO] Loaded plugin: dashboard
[2026-08-04 15:48:11] [INFO] Loaded plugin: date
[2026-08-04 15:48:11] [INFO] Loaded plugin: device
[2026-08-04 15:48:11] [INFO] Loaded plugin: doctor
[2026-08-04 15:48:11] [INFO] Loaded plugin: health
[2026-08-04 15:48:11] [INFO] Loaded plugin: help
[2026-08-04 15:48:11] [INFO] Loaded plugin: history
[2026-08-04 15:48:11] [INFO] Loaded plugin: home
[2026-08-04 15:48:11] [INFO] Loaded plugin: jarvis
[2026-08-04 15:48:11] [INFO] Loaded plugin: listen
[2026-08-04 15:48:11] [INFO] Loaded plugin: location
[2026-08-04 15:48:11] [INFO] Loaded plugin: logs
[2026-08-04 15:48:11] [INFO] Loaded plugin: mission
[2026-08-04 15:48:11] [INFO] Loaded plugin: music
[2026-08-04 15:48:11] [INFO] Loaded plugin: notes
[2026-08-04 15:48:11] [INFO] Loaded plugin: notify
[2026-08-04 15:48:11] [INFO] Loaded plugin: open
[2026-08-04 15:48:11] [INFO] Loaded plugin: photo
[2026-08-04 15:48:11] [INFO] Loaded plugin: plugins
[2026-08-04 15:48:11] [INFO] Loaded plugin: recall
[2026-08-04 15:48:11] [INFO] Loaded plugin: remember
[2026-08-04 15:48:11] [INFO] Loaded plugin: restart
[2026-08-04 15:48:11] [INFO] Loaded plugin: schedule
[2026-08-04 15:48:11] [INFO] Loaded plugin: sensors
[2026-08-04 15:48:11] [INFO] Loaded plugin: settings
[2026-08-04 15:48:11] [INFO] Loaded plugin: share
[2026-08-04 15:48:11] [INFO] Loaded plugin: speak
[2026-08-04 15:48:11] [INFO] Loaded plugin: status
[2026-08-04 15:48:11] [INFO] Loaded plugin: sysinfo
[2026-08-04 15:48:11] [INFO] Loaded plugin: system
[2026-08-04 15:48:11] [INFO] Loaded plugin: tasks
[2026-08-04 15:48:11] [INFO] Loaded plugin: time
[2026-08-04 15:48:11] [INFO] Loaded plugin: torch
[2026-08-04 15:48:11] [INFO] Loaded plugin: update
[2026-08-04 15:48:11] [INFO] Loaded plugin: upgrade
[2026-08-04 15:48:11] [INFO] Loaded plugin: version
[2026-08-04 15:48:11] [INFO] Loaded plugin: vibrate
[2026-08-04 15:48:11] [INFO] Loaded plugin: volume
[2026-08-04 15:48:11] [INFO] Loaded plugin: wifi
[2026-08-04 15:48:11] [INFO] Plugin loading completed (46 plugins loaded).
[2026-08-04 15:48:19] [INFO] Command: listen
[2026-08-04 15:48:36] [INFO] Command: listen
[2026-08-04 15:53:13] [INFO] Command: exit
[2026-08-04 16:00:58] [INFO] Command: exit
